../../Drivers/STM32WBxx_HAL_Driver/Inc/stm32wbxx_ll_bus.h:539:22:LL_AHB2_GRP1_EnableClock	24	static
../../Drivers/STM32WBxx_HAL_Driver/Inc/stm32wbxx_ll_bus.h:597:22:LL_AHB2_GRP1_DisableClock	16	static
../../Drivers/STM32WBxx_HAL_Driver/Inc/stm32wbxx_ll_bus.h:939:22:LL_APB1_GRP1_EnableClock	24	static
../../Drivers/STM32WBxx_HAL_Driver/Inc/stm32wbxx_ll_bus.h:1038:22:LL_APB1_GRP1_DisableClock	16	static
D:/Self-Learning/learn-stm32/HID_Standalone/USB_Device/Target/usbd_conf.c:73:6:HAL_PCD_MspInit	40	static
D:/Self-Learning/learn-stm32/HID_Standalone/USB_Device/Target/usbd_conf.c:110:6:HAL_PCD_MspDeInit	16	static
D:/Self-Learning/learn-stm32/HID_Standalone/USB_Device/Target/usbd_conf.c:144:6:HAL_PCD_SetupStageCallback	16	static
D:/Self-Learning/learn-stm32/HID_Standalone/USB_Device/Target/usbd_conf.c:165:6:HAL_PCD_DataOutStageCallback	16	static
D:/Self-Learning/learn-stm32/HID_Standalone/USB_Device/Target/usbd_conf.c:186:6:HAL_PCD_DataInStageCallback	16	static
D:/Self-Learning/learn-stm32/HID_Standalone/USB_Device/Target/usbd_conf.c:206:6:HAL_PCD_SOFCallback	16	static
D:/Self-Learning/learn-stm32/HID_Standalone/USB_Device/Target/usbd_conf.c:226:6:HAL_PCD_ResetCallback	24	static
D:/Self-Learning/learn-stm32/HID_Standalone/USB_Device/Target/usbd_conf.c:257:6:HAL_PCD_SuspendCallback	16	static
D:/Self-Learning/learn-stm32/HID_Standalone/USB_Device/Target/usbd_conf.c:291:6:HAL_PCD_ResumeCallback	16	static
D:/Self-Learning/learn-stm32/HID_Standalone/USB_Device/Target/usbd_conf.c:323:6:HAL_PCD_ISOOUTIncompleteCallback	16	static
D:/Self-Learning/learn-stm32/HID_Standalone/USB_Device/Target/usbd_conf.c:344:6:HAL_PCD_ISOINIncompleteCallback	16	static
D:/Self-Learning/learn-stm32/HID_Standalone/USB_Device/Target/usbd_conf.c:364:6:HAL_PCD_ConnectCallback	16	static
D:/Self-Learning/learn-stm32/HID_Standalone/USB_Device/Target/usbd_conf.c:384:6:HAL_PCD_DisconnectCallback	16	static
D:/Self-Learning/learn-stm32/HID_Standalone/USB_Device/Target/usbd_conf.c:409:20:USBD_LL_Init	16	static
D:/Self-Learning/learn-stm32/HID_Standalone/USB_Device/Target/usbd_conf.c:473:20:USBD_LL_DeInit	24	static
D:/Self-Learning/learn-stm32/HID_Standalone/USB_Device/Target/usbd_conf.c:490:20:USBD_LL_Start	24	static
D:/Self-Learning/learn-stm32/HID_Standalone/USB_Device/Target/usbd_conf.c:507:20:USBD_LL_Stop	24	static
D:/Self-Learning/learn-stm32/HID_Standalone/USB_Device/Target/usbd_conf.c:527:20:USBD_LL_OpenEP	24	static
D:/Self-Learning/learn-stm32/HID_Standalone/USB_Device/Target/usbd_conf.c:545:20:USBD_LL_CloseEP	24	static
D:/Self-Learning/learn-stm32/HID_Standalone/USB_Device/Target/usbd_conf.c:563:20:USBD_LL_FlushEP	24	static
D:/Self-Learning/learn-stm32/HID_Standalone/USB_Device/Target/usbd_conf.c:581:20:USBD_LL_StallEP	24	static
D:/Self-Learning/learn-stm32/HID_Standalone/USB_Device/Target/usbd_conf.c:599:20:USBD_LL_ClearStallEP	24	static
D:/Self-Learning/learn-stm32/HID_Standalone/USB_Device/Target/usbd_conf.c:617:9:USBD_LL_IsStallEP	24	static
D:/Self-Learning/learn-stm32/HID_Standalone/USB_Device/Target/usbd_conf.c:637:20:USBD_LL_SetUSBAddress	24	static
D:/Self-Learning/learn-stm32/HID_Standalone/USB_Device/Target/usbd_conf.c:657:20:USBD_LL_Transmit	32	static
D:/Self-Learning/learn-stm32/HID_Standalone/USB_Device/Target/usbd_conf.c:677:20:USBD_LL_PrepareReceive	32	static
D:/Self-Learning/learn-stm32/HID_Standalone/USB_Device/Target/usbd_conf.c:695:10:USBD_LL_GetRxDataSize	16	static
D:/Self-Learning/learn-stm32/HID_Standalone/USB_Device/Target/usbd_conf.c:705:6:USBD_LL_Delay	16	static
D:/Self-Learning/learn-stm32/HID_Standalone/USB_Device/Target/usbd_conf.c:715:7:USBD_static_malloc	16	static
D:/Self-Learning/learn-stm32/HID_Standalone/USB_Device/Target/usbd_conf.c:727:6:USBD_static_free	16	static
D:/Self-Learning/learn-stm32/HID_Standalone/USB_Device/Target/usbd_conf.c:738:6:SystemClockConfig_Resume	8	static
D:/Self-Learning/learn-stm32/HID_Standalone/USB_Device/Target/usbd_conf.c:750:20:USBD_Get_USB_Status	24	static
