Archive member included to satisfy reference by file (symbol)

C:/ST/STM32CubeIDE_1.15.0/STM32CubeIDE/plugins/com.st.stm32cube.ide.mcu.externaltools.gnu-tools-for-stm32.12.3.rel1.win32_1.0.100.202403111256/tools/bin/../lib/gcc/arm-none-eabi/12.3.1/../../../../arm-none-eabi/lib/thumb/v7e-m+fp/hard\libc_nano.a(libc_a-exit.o)
                              C:/ST/STM32CubeIDE_1.15.0/STM32CubeIDE/plugins/com.st.stm32cube.ide.mcu.externaltools.gnu-tools-for-stm32.12.3.rel1.win32_1.0.100.202403111256/tools/bin/../lib/gcc/arm-none-eabi/12.3.1/../../../../arm-none-eabi/lib/thumb/v7e-m+fp/hard/crt0.o (exit)
C:/ST/STM32CubeIDE_1.15.0/STM32CubeIDE/plugins/com.st.stm32cube.ide.mcu.externaltools.gnu-tools-for-stm32.12.3.rel1.win32_1.0.100.202403111256/tools/bin/../lib/gcc/arm-none-eabi/12.3.1/../../../../arm-none-eabi/lib/thumb/v7e-m+fp/hard\libc_nano.a(libc_a-findfp.o)
                              C:/ST/STM32CubeIDE_1.15.0/STM32CubeIDE/plugins/com.st.stm32cube.ide.mcu.externaltools.gnu-tools-for-stm32.12.3.rel1.win32_1.0.100.202403111256/tools/bin/../lib/gcc/arm-none-eabi/12.3.1/../../../../arm-none-eabi/lib/thumb/v7e-m+fp/hard\libc_nano.a(libc_a-exit.o) (__stdio_exit_handler)
C:/ST/STM32CubeIDE_1.15.0/STM32CubeIDE/plugins/com.st.stm32cube.ide.mcu.externaltools.gnu-tools-for-stm32.12.3.rel1.win32_1.0.100.202403111256/tools/bin/../lib/gcc/arm-none-eabi/12.3.1/../../../../arm-none-eabi/lib/thumb/v7e-m+fp/hard\libc_nano.a(libc_a-fwalk.o)
                              C:/ST/STM32CubeIDE_1.15.0/STM32CubeIDE/plugins/com.st.stm32cube.ide.mcu.externaltools.gnu-tools-for-stm32.12.3.rel1.win32_1.0.100.202403111256/tools/bin/../lib/gcc/arm-none-eabi/12.3.1/../../../../arm-none-eabi/lib/thumb/v7e-m+fp/hard\libc_nano.a(libc_a-findfp.o) (_fwalk_sglue)
C:/ST/STM32CubeIDE_1.15.0/STM32CubeIDE/plugins/com.st.stm32cube.ide.mcu.externaltools.gnu-tools-for-stm32.12.3.rel1.win32_1.0.100.202403111256/tools/bin/../lib/gcc/arm-none-eabi/12.3.1/../../../../arm-none-eabi/lib/thumb/v7e-m+fp/hard\libc_nano.a(libc_a-stdio.o)
                              C:/ST/STM32CubeIDE_1.15.0/STM32CubeIDE/plugins/com.st.stm32cube.ide.mcu.externaltools.gnu-tools-for-stm32.12.3.rel1.win32_1.0.100.202403111256/tools/bin/../lib/gcc/arm-none-eabi/12.3.1/../../../../arm-none-eabi/lib/thumb/v7e-m+fp/hard\libc_nano.a(libc_a-findfp.o) (__sread)
C:/ST/STM32CubeIDE_1.15.0/STM32CubeIDE/plugins/com.st.stm32cube.ide.mcu.externaltools.gnu-tools-for-stm32.12.3.rel1.win32_1.0.100.202403111256/tools/bin/../lib/gcc/arm-none-eabi/12.3.1/../../../../arm-none-eabi/lib/thumb/v7e-m+fp/hard\libc_nano.a(libc_a-memset.o)
                              C:/ST/STM32CubeIDE_1.15.0/STM32CubeIDE/plugins/com.st.stm32cube.ide.mcu.externaltools.gnu-tools-for-stm32.12.3.rel1.win32_1.0.100.202403111256/tools/bin/../lib/gcc/arm-none-eabi/12.3.1/../../../../arm-none-eabi/lib/thumb/v7e-m+fp/hard/crt0.o (memset)
C:/ST/STM32CubeIDE_1.15.0/STM32CubeIDE/plugins/com.st.stm32cube.ide.mcu.externaltools.gnu-tools-for-stm32.12.3.rel1.win32_1.0.100.202403111256/tools/bin/../lib/gcc/arm-none-eabi/12.3.1/../../../../arm-none-eabi/lib/thumb/v7e-m+fp/hard\libc_nano.a(libc_a-closer.o)
                              C:/ST/STM32CubeIDE_1.15.0/STM32CubeIDE/plugins/com.st.stm32cube.ide.mcu.externaltools.gnu-tools-for-stm32.12.3.rel1.win32_1.0.100.202403111256/tools/bin/../lib/gcc/arm-none-eabi/12.3.1/../../../../arm-none-eabi/lib/thumb/v7e-m+fp/hard\libc_nano.a(libc_a-stdio.o) (_close_r)
C:/ST/STM32CubeIDE_1.15.0/STM32CubeIDE/plugins/com.st.stm32cube.ide.mcu.externaltools.gnu-tools-for-stm32.12.3.rel1.win32_1.0.100.202403111256/tools/bin/../lib/gcc/arm-none-eabi/12.3.1/../../../../arm-none-eabi/lib/thumb/v7e-m+fp/hard\libc_nano.a(libc_a-reent.o)
                              C:/ST/STM32CubeIDE_1.15.0/STM32CubeIDE/plugins/com.st.stm32cube.ide.mcu.externaltools.gnu-tools-for-stm32.12.3.rel1.win32_1.0.100.202403111256/tools/bin/../lib/gcc/arm-none-eabi/12.3.1/../../../../arm-none-eabi/lib/thumb/v7e-m+fp/hard\libc_nano.a(libc_a-closer.o) (errno)
C:/ST/STM32CubeIDE_1.15.0/STM32CubeIDE/plugins/com.st.stm32cube.ide.mcu.externaltools.gnu-tools-for-stm32.12.3.rel1.win32_1.0.100.202403111256/tools/bin/../lib/gcc/arm-none-eabi/12.3.1/../../../../arm-none-eabi/lib/thumb/v7e-m+fp/hard\libc_nano.a(libc_a-impure.o)
                              C:/ST/STM32CubeIDE_1.15.0/STM32CubeIDE/plugins/com.st.stm32cube.ide.mcu.externaltools.gnu-tools-for-stm32.12.3.rel1.win32_1.0.100.202403111256/tools/bin/../lib/gcc/arm-none-eabi/12.3.1/../../../../arm-none-eabi/lib/thumb/v7e-m+fp/hard\libc_nano.a(libc_a-reent.o) (_impure_ptr)
C:/ST/STM32CubeIDE_1.15.0/STM32CubeIDE/plugins/com.st.stm32cube.ide.mcu.externaltools.gnu-tools-for-stm32.12.3.rel1.win32_1.0.100.202403111256/tools/bin/../lib/gcc/arm-none-eabi/12.3.1/../../../../arm-none-eabi/lib/thumb/v7e-m+fp/hard\libc_nano.a(libc_a-lseekr.o)
[...]
Memory Configuration

Name             Origin             Length             Attributes
FLASH            0x08000000         0x00080000         xr
RAM1             0x20000008         0x0002fff8         xrw
RAM_SHARED       0x20030000         0x00002800         xrw
*default*        0x00000000         0xffffffff

Linker script and memory map

LOAD C:/ST/STM32CubeIDE_1.15.0/STM32CubeIDE/plugins/com.st.stm32cube.ide.mcu.externaltools.gnu-tools-for-stm32.12.3.rel1.win32_1.0.100.202403111256/tools/bin/../lib/gcc/arm-none-eabi/12.3.1/thumb/v7e-m+fp/hard/crti.o
LOAD C:/ST/STM32CubeIDE_1.15.0/STM32CubeIDE/plugins/com.st.stm32cube.ide.mcu.externaltools.gnu-tools-for-stm32.12.3.rel1.win32_1.0.100.202403111256/tools/bin/../lib/gcc/arm-none-eabi/12.3.1/thumb/v7e-m+fp/hard/crtbegin.o
LOAD C:/ST/STM32CubeIDE_1.15.0/STM32CubeIDE/plugins/com.st.stm32cube.ide.mcu.externaltools.gnu-tools-for-stm32.12.3.rel1.win32_1.0.100.202403111256/tools/bin/../lib/gcc/arm-none-eabi/12.3.1/../../../../arm-none-eabi/lib/thumb/v7e-m+fp/hard/crt0.o
LOAD ./Application/User/Core/main.o
LOAD ./Application/User/Core/stm32wbxx_hal_msp.o
LOAD ./Application/User/Core/stm32wbxx_it.o
LOAD ./Application/User/Core/syscalls.o
LOAD ./Application/User/Core/sysmem.o
LOAD ./Application/User/Startup/startup_stm32wb55rgvx.o
LOAD ./Application/User/USB_Device/App/usb_device.o
LOAD ./Application/User/USB_Device/App/usbd_desc.o
LOAD ./Application/User/USB_Device/Target/usbd_conf.o
LOAD ./Drivers/BSP/P-NUCLEO-WB55-Nucleo/stm32wbxx_nucleo.o
LOAD ./Drivers/CMSIS/system_stm32wbxx.o
LOAD ./Drivers/STM32WBxx_HAL_Driver/stm32wbxx_hal.o
LOAD ./Drivers/STM32WBxx_HAL_Driver/stm32wbxx_hal_adc.o
LOAD ./Drivers/STM32WBxx_HAL_Driver/stm32wbxx_hal_adc_ex.o
LOAD ./Drivers/STM32WBxx_HAL_Driver/stm32wbxx_hal_cortex.o
LOAD ./Drivers/STM32WBxx_HAL_Driver/stm32wbxx_hal_dma.o
LOAD ./Drivers/STM32WBxx_HAL_Driver/stm32wbxx_hal_dma_ex.o
LOAD ./Drivers/STM32WBxx_HAL_Driver/stm32wbxx_hal_exti.o
LOAD ./Drivers/STM32WBxx_HAL_Driver/stm32wbxx_hal_flash.o
LOAD ./Drivers/STM32WBxx_HAL_Driver/stm32wbxx_hal_flash_ex.o
LOAD ./Drivers/STM32WBxx_HAL_Driver/stm32wbxx_hal_gpio.o
LOAD ./Drivers/STM32WBxx_HAL_Driver/stm32wbxx_hal_hsem.o
LOAD ./Drivers/STM32WBxx_HAL_Driver/stm32wbxx_hal_pcd.o
LOAD ./Drivers/STM32WBxx_HAL_Driver/stm32wbxx_hal_pcd_ex.o
LOAD ./Drivers/STM32WBxx_HAL_Driver/stm32wbxx_hal_pwr.o
LOAD ./Drivers/STM32WBxx_HAL_Driver/stm32wbxx_hal_pwr_ex.o
LOAD ./Drivers/STM32WBxx_HAL_Driver/stm32wbxx_hal_rcc.o
LOAD ./Drivers/STM32WBxx_HAL_Driver/stm32wbxx_hal_rcc_ex.o
LOAD ./Drivers/STM32WBxx_HAL_Driver/stm32wbxx_hal_tim.o
LOAD ./Drivers/STM32WBxx_HAL_Driver/stm32wbxx_hal_tim_ex.o
LOAD ./Drivers/STM32WBxx_HAL_Driver/stm32wbxx_ll_adc.o
LOAD ./Drivers/STM32WBxx_HAL_Driver/stm32wbxx_ll_rcc.o
LOAD ./Drivers/STM32WBxx_HAL_Driver/stm32wbxx_ll_usb.o
LOAD ./Middlewares/USB_Device_Library/usbd_core.o
LOAD ./Middlewares/USB_Device_Library/usbd_ctlreq.o
LOAD ./Middlewares/USB_Device_Library/usbd_hid.o
LOAD ./Middlewares/USB_Device_Library/usbd_ioreq.o
START GROUP
LOAD C:/ST/STM32CubeIDE_1.15.0/STM32CubeIDE/plugins/com.st.stm32cube.ide.mcu.externaltools.gnu-tools-for-stm32.12.3.rel1.win32_1.0.100.202403111256/tools/bin/../lib/gcc/arm-none-eabi/12.3.1/../../../../arm-none-eabi/lib/thumb/v7e-m+fp/hard\libc_nano.a
LOAD C:/ST/STM32CubeIDE_1.15.0/STM32CubeIDE/plugins/com.st.stm32cube.ide.mcu.externaltools.gnu-tools-for-stm32.12.3.rel1.win32_1.0.100.202403111256/tools/bin/../lib/gcc/arm-none-eabi/12.3.1/../../../../arm-none-eabi/lib/thumb/v7e-m+fp/hard\libm.a
END GROUP
START GROUP
LOAD C:/ST/STM32CubeIDE_1.15.0/STM32CubeIDE/plugins/com.st.stm32cube.ide.mcu.externaltools.gnu-tools-for-stm32.12.3.rel1.win32_1.0.100.202403111256/tools/bin/../lib/gcc/arm-none-eabi/12.3.1/thumb/v7e-m+fp/hard\libgcc.a
LOAD C:/ST/STM32CubeIDE_1.15.0/STM32CubeIDE/plugins/com.st.stm32cube.ide.mcu.externaltools.gnu-tools-for-stm32.12.3.rel1.win32_1.0.100.202403111256/tools/bin/../lib/gcc/arm-none-eabi/12.3.1/../../../../arm-none-eabi/lib/thumb/v7e-m+fp/hard\libc_nano.a
END GROUP
START GROUP
LOAD C:/ST/STM32CubeIDE_1.15.0/STM32CubeIDE/plugins/com.st.stm32cube.ide.mcu.externaltools.gnu-tools-for-stm32.12.3.rel1.win32_1.0.100.202403111256/tools/bin/../lib/gcc/arm-none-eabi/12.3.1/thumb/v7e-m+fp/hard\libgcc.a
LOAD C:/ST/STM32CubeIDE_1.15.0/STM32CubeIDE/plugins/com.st.stm32cube.ide.mcu.externaltools.gnu-tools-for-stm32.12.3.rel1.win32_1.0.100.202403111256/tools/bin/../lib/gcc/arm-none-eabi/12.3.1/../../../../arm-none-eabi/lib/thumb/v7e-m+fp/hard\libc_nano.a
LOAD C:/ST/STM32CubeIDE_1.15.0/STM32CubeIDE/plugins/com.st.stm32cube.ide.mcu.externaltools.gnu-tools-for-stm32.12.3.rel1.win32_1.0.100.202403111256/tools/bin/../lib/gcc/arm-none-eabi/12.3.1/../../../../arm-none-eabi/lib/thumb/v7e-m+fp/hard\libnosys.a
END GROUP
START GROUP
LOAD C:/ST/STM32CubeIDE_1.15.0/STM32CubeIDE/plugins/com.st.stm32cube.ide.mcu.externaltools.gnu-tools-for-stm32.12.3.rel1.win32_1.0.100.202403111256/tools/bin/../lib/gcc/arm-none-eabi/12.3.1/thumb/v7e-m+fp/hard\libgcc.a
LOAD C:/ST/STM32CubeIDE_1.15.0/STM32CubeIDE/plugins/com.st.stm32cube.ide.mcu.externaltools.gnu-tools-for-stm32.12.3.rel1.win32_1.0.100.202403111256/tools/bin/../lib/gcc/arm-none-eabi/12.3.1/../../../../arm-none-eabi/lib/thumb/v7e-m+fp/hard\libc_nano.a
LOAD C:/ST/STM32CubeIDE_1.15.0/STM32CubeIDE/plugins/com.st.stm32cube.ide.mcu.externaltools.gnu-tools-for-stm32.12.3.rel1.win32_1.0.100.202403111256/tools/bin/../lib/gcc/arm-none-eabi/12.3.1/../../../../arm-none-eabi/lib/thumb/v7e-m+fp/hard\libnosys.a
END GROUP
LOAD C:/ST/STM32CubeIDE_1.15.0/STM32CubeIDE/plugins/com.st.stm32cube.ide.mcu.externaltools.gnu-tools-for-stm32.12.3.rel1.win32_1.0.100.202403111256/tools/bin/../lib/gcc/arm-none-eabi/12.3.1/thumb/v7e-m+fp/hard/crtend.o
LOAD C:/ST/STM32CubeIDE_1.15.0/STM32CubeIDE/plugins/com.st.stm32cube.ide.mcu.externaltools.gnu-tools-for-stm32.12.3.rel1.win32_1.0.100.202403111256/tools/bin/../lib/gcc/arm-none-eabi/12.3.1/thumb/v7e-m+fp/hard/crtn.o
                0x20030000                        _estack = 0x20030000
                0x00001000                        _Min_Heap_Size = 0x1000
                0x00001000                        _Min_Stack_Size = 0x1000

.isr_vector     0x08000000      0x13c
                0x08000000                        . = ALIGN (0x4)
 *(.isr_vector)
 .isr_vector    0x08000000      0x13c ./Application/User/Startup/startup_stm32wb55rgvx.o
                0x08000000                g_pfnVectors
                0x0800013c                        . = ALIGN (0x4)

.text           0x0800013c     0x9fd0
                0x0800013c                        . = ALIGN (0x4)
 *(.text)
 .text          0x0800013c       0x40 C:/ST/STM32CubeIDE_1.15.0/STM32CubeIDE/plugins/com.st.stm32cube.ide.mcu.externaltools.gnu-tools-for-stm32.12.3.rel1.win32_1.0.100.202403111256/tools/bin/../lib/gcc/arm-none-eabi/12.3.1/thumb/v7e-m+fp/hard/crtbegin.o
 *(.text*)
 .text.LL_AHB1_GRP1_EnableClock
                0x0800017c       0x32 ./Application/User/Core/main.o
 .text.LL_AHB2_GRP1_EnableClock
                0x080001ae       0x32 ./Application/User/Core/main.o
 .text.HAL_ADC_ConvCpltCallback
                0x080001e0       0x34 ./Application/User/Core/main.o
                0x080001e0                HAL_ADC_ConvCpltCallback
 .text.main     0x08000214       0x7c ./Application/User/Core/main.o
                0x08000214                main
 .text.SystemClock_Config
                0x08000290       0xc8 ./Application/User/Core/main.o
                0x08000290                SystemClock_Config
 .text.MX_ADC1_Init
                0x08000358       0xe8 ./Application/User/Core/main.o
 .text.MX_DMA_Init
                0x08000440       0x24 ./Application/User/Core/main.o
 .text.MX_GPIO_Init
                0x08000464       0x14 ./Application/User/Core/main.o
 .text.HAL_Delay
                0x08000478       0x34 ./Application/User/Core/main.o
                0x08000478                HAL_Delay
 .text.Error_Handler
                0x080004ac        0xe ./Application/User/Core/main.o
                0x080004ac                Error_Handler
 .text.LL_AHB2_GRP1_EnableClock
                0x080004ba       0x32 ./Application/User/Core/stm32wbxx_hal_msp.o
 .text.HAL_MspInit
                0x080004ec        0xe ./Application/User/Core/stm32wbxx_hal_msp.o
                0x080004ec                HAL_MspInit
 *fill*         0x080004fa        0x2 
 .text.HAL_ADC_MspInit
                0x080004fc       0xb8 ./Application/User/Core/stm32wbxx_hal_msp.o
                0x080004fc                HAL_ADC_MspInit
 .text.NMI_Handler
                0x080005b4        0x8 ./Application/User/Core/stm32wbxx_it.o
                0x080005b4                NMI_Handler
 .text.HardFault_Handler
                0x080005bc        0x8 ./Application/User/Core/stm32wbxx_it.o
                0x080005bc                HardFault_Handler
 .text.MemManage_Handler
                0x080005c4        0x8 ./Application/User/Core/stm32wbxx_it.o
                0x080005c4                MemManage_Handler
 .text.BusFault_Handler
                0x080005cc        0x8 ./Application/User/Core/stm32wbxx_it.o
                0x080005cc                BusFault_Handler
 .text.UsageFault_Handler
                0x080005d4        0x8 ./Application/User/Core/stm32wbxx_it.o
                0x080005d4                UsageFault_Handler
 .text.SVC_Handler
                0x080005dc        0xe ./Application/User/Core/stm32wbxx_it.o
                0x080005dc                SVC_Handler
 .text.DebugMon_Handler
                0x080005ea        0xe ./Application/User/Core/stm32wbxx_it.o
                0x080005ea                DebugMon_Handler
 .text.PendSV_Handler
                0x080005f8        0xe ./Application/User/Core/stm32wbxx_it.o
                0x080005f8                PendSV_Handler
 .text.SysTick_Handler
                0x08000606        0xc ./Application/User/Core/stm32wbxx_it.o
                0x08000606                SysTick_Handler
 *fill*         0x08000612        0x2 
 .text.DMA1_Channel1_IRQHandler
                0x08000614       0x14 ./Application/User/Core/stm32wbxx_it.o
                0x08000614                DMA1_Channel1_IRQHandler
 .text.USB_LP_IRQHandler
                0x08000628       0x14 ./Application/User/Core/stm32wbxx_it.o
                0x08000628                USB_LP_IRQHandler
 .text.EXTI4_IRQHandler
                0x0800063c        0xe ./Application/User/Core/stm32wbxx_it.o
                0x0800063c                EXTI4_IRQHandler
 .text.data_initializers
                0x0800064a       0x18 ./Application/User/Startup/startup_stm32wb55rgvx.o
 *fill*         0x08000662        0x2 
 .text.Reset_Handler
                0x08000664       0x54 ./Application/User/Startup/startup_stm32wb55rgvx.o
                0x08000664                Reset_Handler
 .text.Default_Handler
                0x080006b8        0x2 ./Application/User/Startup/startup_stm32wb55rgvx.o
                0x080006b8                RTC_Alarm_IRQHandler
                0x080006b8                EXTI2_IRQHandler
                0x080006b8                TIM1_CC_IRQHandler
                0x080006b8                TSC_IRQHandler
                0x080006b8                USB_HP_IRQHandler
                0x080006b8                EXTI3_IRQHandler
                0x080006b8                LPTIM2_IRQHandler
                0x080006b8                I2C3_ER_IRQHandler
                0x080006b8                EXTI0_IRQHandler
                0x080006b8                FPU_IRQHandler
                0x080006b8                TIM1_UP_TIM16_IRQHandler
                0x080006b8                AES1_IRQHandler
                0x080006b8                SPI1_IRQHandler
                0x080006b8                PWR_SOTF_BLEACT_802ACT_RFPHASE_IRQHandler
                0x080006b8                DMA2_Channel2_IRQHandler
                0x080006b8                DMA1_Channel4_IRQHandler
                0x080006b8                ADC1_IRQHandler
                0x080006b8                PKA_IRQHandler
                0x080006b8                DMA1_Channel7_IRQHandler
                0x080006b8                LCD_IRQHandler
                0x080006b8                IPCC_C1_TX_IRQHandler
                0x080006b8                DMA2_Channel1_IRQHandler
                0x080006b8                QUADSPI_IRQHandler
                0x080006b8                I2C1_EV_IRQHandler
                0x080006b8                DMAMUX1_OVR_IRQHandler
                0x080006b8                DMA1_Channel6_IRQHandler
                0x080006b8                DMA2_Channel4_IRQHandler
                0x080006b8                RCC_IRQHandler
                0x080006b8                Default_Handler
                0x080006b8                DMA2_Channel7_IRQHandler
                0x080006b8                EXTI15_10_IRQHandler
                0x080006b8                IPCC_C1_RX_IRQHandler
                0x080006b8                C2SEV_PWR_C2H_IRQHandler
                0x080006b8                AES2_IRQHandler
                0x080006b8                I2C3_EV_IRQHandler
                0x080006b8                EXTI9_5_IRQHandler
                0x080006b8                RTC_WKUP_IRQHandler
                0x080006b8                PVD_PVM_IRQHandler
                0x080006b8                SPI2_IRQHandler
                0x080006b8                DMA2_Channel5_IRQHandler
                0x080006b8                CRS_IRQHandler
                0x080006b8                DMA1_Channel5_IRQHandler
                0x080006b8                RNG_IRQHandler
                0x080006b8                TIM1_TRG_COM_TIM17_IRQHandler
                0x080006b8                TAMP_STAMP_LSECSS_IRQHandler
                0x080006b8                DMA1_Channel3_IRQHandler
                0x080006b8                COMP_IRQHandler
                0x080006b8                HSEM_IRQHandler
                0x080006b8                WWDG_IRQHandler
                0x080006b8                LPUART1_IRQHandler
                0x080006b8                DMA2_Channel6_IRQHandler
                0x080006b8                TIM2_IRQHandler
                0x080006b8                TIM1_BRK_IRQHandler
                0x080006b8                EXTI1_IRQHandler
                0x080006b8                DMA1_Channel2_IRQHandler
                0x080006b8                FLASH_IRQHandler
                0x080006b8                USART1_IRQHandler
                0x080006b8                I2C1_ER_IRQHandler
                0x080006b8                LPTIM1_IRQHandler
                0x080006b8                SAI1_IRQHandler
                0x080006b8                DMA2_Channel3_IRQHandler
 .text.LL_APB1_GRP1_EnableClock
                0x080006ba       0x32 ./Application/User/USB_Device/App/usb_device.o
 .text.USBD_Clock_Config
                0x080006ec       0x74 ./Application/User/USB_Device/App/usb_device.o
                0x080006ec                USBD_Clock_Config
 .text.GetPointerData
                0x08000760       0xac ./Application/User/USB_Device/App/usb_device.o
                0x08000760                GetPointerData
 .text.JoystickControl
                0x0800080c      0x1e4 ./Application/User/USB_Device/App/usb_device.o
                0x0800080c                JoystickControl
 .text.MX_USB_Device_Init
                0x080009f0       0x50 ./Application/User/USB_Device/App/usb_device.o
                0x080009f0                MX_USB_Device_Init
 .text.USBD_HID_DeviceDescriptor
                0x08000a40       0x24 ./Application/User/USB_Device/App/usbd_desc.o
                0x08000a40                USBD_HID_DeviceDescriptor
 .text.USBD_HID_LangIDStrDescriptor
                0x08000a64       0x24 ./Application/User/USB_Device/App/usbd_desc.o
                0x08000a64                USBD_HID_LangIDStrDescriptor
 .text.USBD_HID_ProductStrDescriptor
                0x08000a88       0x3c ./Application/User/USB_Device/App/usbd_desc.o
                0x08000a88                USBD_HID_ProductStrDescriptor
 .text.USBD_HID_ManufacturerStrDescriptor
                0x08000ac4       0x28 ./Application/User/USB_Device/App/usbd_desc.o
                0x08000ac4                USBD_HID_ManufacturerStrDescriptor
 .text.USBD_HID_SerialStrDescriptor
                0x08000aec       0x24 ./Application/User/USB_Device/App/usbd_desc.o
                0x08000aec                USBD_HID_SerialStrDescriptor
 .text.USBD_HID_ConfigStrDescriptor
                0x08000b10       0x3c ./Application/User/USB_Device/App/usbd_desc.o
                0x08000b10                USBD_HID_ConfigStrDescriptor
 .text.USBD_HID_InterfaceStrDescriptor
                0x08000b4c       0x3c ./Application/User/USB_Device/App/usbd_desc.o
                0x08000b4c                USBD_HID_InterfaceStrDescriptor
 .text.Get_SerialNum
                0x08000b88       0x58 ./Application/User/USB_Device/App/usbd_desc.o
 .text.IntToUnicode
                0x08000be0       0x7e ./Application/User/USB_Device/App/usbd_desc.o
 .text.LL_AHB2_GRP1_EnableClock
                0x08000c5e       0x32 ./Application/User/USB_Device/Target/usbd_conf.o
 .text.LL_APB1_GRP1_EnableClock
                0x08000c90       0x32 ./Application/User/USB_Device/Target/usbd_conf.o
 *fill*         0x08000cc2        0x2 
 .text.HAL_PCD_MspInit
                0x08000cc4       0x70 ./Application/User/USB_Device/Target/usbd_conf.o
                0x08000cc4                HAL_PCD_MspInit
 .text.HAL_PCD_SetupStageCallback
                0x08000d34       0x24 ./Application/User/USB_Device/Target/usbd_conf.o
                0x08000d34                HAL_PCD_SetupStageCallback
 .text.HAL_PCD_DataOutStageCallback
                0x08000d58       0x36 ./Application/User/USB_Device/Target/usbd_conf.o
                0x08000d58                HAL_PCD_DataOutStageCallback
 .text.HAL_PCD_DataInStageCallback
                0x08000d8e       0x34 ./Application/User/USB_Device/Target/usbd_conf.o
                0x08000d8e                HAL_PCD_DataInStageCallback
 .text.HAL_PCD_SOFCallback
                0x08000dc2       0x1c ./Application/User/USB_Device/Target/usbd_conf.o
                0x08000dc2                HAL_PCD_SOFCallback
 .text.HAL_PCD_ResetCallback
                0x08000dde       0x3c ./Application/User/USB_Device/Target/usbd_conf.o
                0x08000dde                HAL_PCD_ResetCallback
 *fill*         0x08000e1a        0x2 
 .text.HAL_PCD_SuspendCallback
                0x08000e1c       0x48 ./Application/User/USB_Device/Target/usbd_conf.o
                0x08000e1c                HAL_PCD_SuspendCallback
 .text.HAL_PCD_ResumeCallback
                0x08000e64       0x3c ./Application/User/USB_Device/Target/usbd_conf.o
                0x08000e64                HAL_PCD_ResumeCallback
 .text.USBD_LL_Init
                0x08000ea0       0xa0 ./Application/User/USB_Device/Target/usbd_conf.o
                0x08000ea0                USBD_LL_Init
 .text.USBD_LL_Start
                0x08000f40       0x36 ./Application/User/USB_Device/Target/usbd_conf.o
                0x08000f40                USBD_LL_Start
 .text.USBD_LL_OpenEP
                0x08000f76       0x4c ./Application/User/USB_Device/Target/usbd_conf.o
                0x08000f76                USBD_LL_OpenEP
 .text.USBD_LL_CloseEP
                0x08000fc2       0x3e ./Application/User/USB_Device/Target/usbd_conf.o
                0x08000fc2                USBD_LL_CloseEP
 .text.USBD_LL_StallEP
                0x08001000       0x3e ./Application/User/USB_Device/Target/usbd_conf.o
                0x08001000                USBD_LL_StallEP
 .text.USBD_LL_ClearStallEP
                0x0800103e       0x3e ./Application/User/USB_Device/Target/usbd_conf.o
                0x0800103e                USBD_LL_ClearStallEP
 .text.USBD_LL_IsStallEP
                0x0800107c       0x58 ./Application/User/USB_Device/Target/usbd_conf.o
                0x0800107c                USBD_LL_IsStallEP
 .text.USBD_LL_SetUSBAddress
                0x080010d4       0x3e ./Application/User/USB_Device/Target/usbd_conf.o
                0x080010d4                USBD_LL_SetUSBAddress
 .text.USBD_LL_Transmit
                0x08001112       0x42 ./Application/User/USB_Device/Target/usbd_conf.o
                0x08001112                USBD_LL_Transmit
 .text.USBD_LL_PrepareReceive
                0x08001154       0x42 ./Application/User/USB_Device/Target/usbd_conf.o
                0x08001154                USBD_LL_PrepareReceive
 *fill*         0x08001196        0x2 
 .text.USBD_static_malloc
                0x08001198       0x1c ./Application/User/USB_Device/Target/usbd_conf.o
                0x08001198                USBD_static_malloc
 .text.USBD_static_free
                0x080011b4       0x14 ./Application/User/USB_Device/Target/usbd_conf.o
                0x080011b4                USBD_static_free
 .text.SystemClockConfig_Resume
                0x080011c8       0x10 ./Application/User/USB_Device/Target/usbd_conf.o
                0x080011c8                SystemClockConfig_Resume
 .text.USBD_Get_USB_Status
                0x080011d8       0x58 ./Application/User/USB_Device/Target/usbd_conf.o
 .text.LL_AHB2_GRP1_EnableClock
                0x08001230       0x32 ./Drivers/BSP/P-NUCLEO-WB55-Nucleo/stm32wbxx_nucleo.o
 *fill*         0x08001262        0x2 
 .text.BSP_LED_Init
                0x08001264       0x74 ./Drivers/BSP/P-NUCLEO-WB55-Nucleo/stm32wbxx_nucleo.o
                0x08001264                BSP_LED_Init
 .text.BSP_LED_On
                0x080012d8       0x34 ./Drivers/BSP/P-NUCLEO-WB55-Nucleo/stm32wbxx_nucleo.o
                0x080012d8                BSP_LED_On
 .text.BSP_PB_Init
                0x0800130c       0xe0 ./Drivers/BSP/P-NUCLEO-WB55-Nucleo/stm32wbxx_nucleo.o
                0x0800130c                BSP_PB_Init
 .text.SystemInit
                0x080013ec       0x28 ./Drivers/CMSIS/system_stm32wbxx.o
                0x080013ec                SystemInit
 .text.HAL_Init
                0x08001414       0x40 ./Drivers/STM32WBxx_HAL_Driver/stm32wbxx_hal.o
                0x08001414                HAL_Init
 .text.HAL_InitTick
                0x08001454       0x74 ./Drivers/STM32WBxx_HAL_Driver/stm32wbxx_hal.o
                0x08001454                HAL_InitTick
 .text.HAL_IncTick
                0x080014c8       0x28 ./Drivers/STM32WBxx_HAL_Driver/stm32wbxx_hal.o
                0x080014c8                HAL_IncTick
 .text.HAL_GetTick
                0x080014f0       0x18 ./Drivers/STM32WBxx_HAL_Driver/stm32wbxx_hal.o
                0x080014f0                HAL_GetTick
 .text.HAL_GetTickPrio
                0x08001508       0x18 ./Drivers/STM32WBxx_HAL_Driver/stm32wbxx_hal.o
                0x08001508                HAL_GetTickPrio
 .text.HAL_SuspendTick
                0x08001520       0x20 ./Drivers/STM32WBxx_HAL_Driver/stm32wbxx_hal.o
                0x08001520                HAL_SuspendTick
 .text.HAL_ResumeTick
                0x08001540       0x20 ./Drivers/STM32WBxx_HAL_Driver/stm32wbxx_hal.o
                0x08001540                HAL_ResumeTick
 .text.LL_ADC_SetCommonClock
                0x08001560       0x26 ./Drivers/STM32WBxx_HAL_Driver/stm32wbxx_hal_adc.o
 .text.LL_ADC_SetCommonPathInternalCh
                0x08001586       0x26 ./Drivers/STM32WBxx_HAL_Driver/stm32wbxx_hal_adc.o
 .text.LL_ADC_GetCommonPathInternalCh
                0x080015ac       0x1c ./Drivers/STM32WBxx_HAL_Driver/stm32wbxx_hal_adc.o
 .text.LL_ADC_SetOffset
                0x080015c8       0x48 ./Drivers/STM32WBxx_HAL_Driver/stm32wbxx_hal_adc.o
 .text.LL_ADC_GetOffsetChannel
                0x08001610       0x2c ./Drivers/STM32WBxx_HAL_Driver/stm32wbxx_hal_adc.o
 .text.LL_ADC_SetOffsetState
                0x0800163c       0x36 ./Drivers/STM32WBxx_HAL_Driver/stm32wbxx_hal_adc.o
 .text.LL_ADC_REG_IsTriggerSourceSWStart
                0x08001672       0x26 ./Drivers/STM32WBxx_HAL_Driver/stm32wbxx_hal_adc.o
 .text.LL_ADC_REG_SetSequencerRanks
                0x08001698       0x58 ./Drivers/STM32WBxx_HAL_Driver/stm32wbxx_hal_adc.o
 .text.LL_ADC_SetChannelSamplingTime
                0x080016f0       0x56 ./Drivers/STM32WBxx_HAL_Driver/stm32wbxx_hal_adc.o
 *fill*         0x08001746        0x2 
 .text.LL_ADC_SetChannelSingleDiff
                0x08001748       0x48 ./Drivers/STM32WBxx_HAL_Driver/stm32wbxx_hal_adc.o
 .text.LL_ADC_DisableDeepPowerDown
                0x08001790       0x24 ./Drivers/STM32WBxx_HAL_Driver/stm32wbxx_hal_adc.o
 .text.LL_ADC_IsDeepPowerDownEnabled
                0x080017b4       0x28 ./Drivers/STM32WBxx_HAL_Driver/stm32wbxx_hal_adc.o
 .text.LL_ADC_EnableInternalRegulator
                0x080017dc       0x28 ./Drivers/STM32WBxx_HAL_Driver/stm32wbxx_hal_adc.o
 .text.LL_ADC_IsInternalRegulatorEnabled
                0x08001804       0x28 ./Drivers/STM32WBxx_HAL_Driver/stm32wbxx_hal_adc.o
 .text.LL_ADC_Enable
                0x0800182c       0x28 ./Drivers/STM32WBxx_HAL_Driver/stm32wbxx_hal_adc.o
 .text.LL_ADC_IsEnabled
                0x08001854       0x26 ./Drivers/STM32WBxx_HAL_Driver/stm32wbxx_hal_adc.o
 .text.LL_ADC_REG_StartConversion
                0x0800187a       0x28 ./Drivers/STM32WBxx_HAL_Driver/stm32wbxx_hal_adc.o
 .text.LL_ADC_REG_IsConversionOngoing
                0x080018a2       0x26 ./Drivers/STM32WBxx_HAL_Driver/stm32wbxx_hal_adc.o
 .text.LL_ADC_INJ_IsConversionOngoing
                0x080018c8       0x26 ./Drivers/STM32WBxx_HAL_Driver/stm32wbxx_hal_adc.o
 *fill*         0x080018ee        0x2 
 .text.HAL_ADC_Init
                0x080018f0      0x310 ./Drivers/STM32WBxx_HAL_Driver/stm32wbxx_hal_adc.o
                0x080018f0                HAL_ADC_Init
 .text.HAL_ADC_Start_DMA
                0x08001c00      0x108 ./Drivers/STM32WBxx_HAL_Driver/stm32wbxx_hal_adc.o
                0x08001c00                HAL_ADC_Start_DMA
 .text.HAL_ADC_ConvHalfCpltCallback
                0x08001d08       0x14 ./Drivers/STM32WBxx_HAL_Driver/stm32wbxx_hal_adc.o
                0x08001d08                HAL_ADC_ConvHalfCpltCallback
 .text.HAL_ADC_LevelOutOfWindowCallback
                0x08001d1c       0x14 ./Drivers/STM32WBxx_HAL_Driver/stm32wbxx_hal_adc.o
                0x08001d1c                HAL_ADC_LevelOutOfWindowCallback
 .text.HAL_ADC_ErrorCallback
                0x08001d30       0x14 ./Drivers/STM32WBxx_HAL_Driver/stm32wbxx_hal_adc.o
                0x08001d30                HAL_ADC_ErrorCallback
 .text.HAL_ADC_ConfigChannel
                0x08001d44      0x78c ./Drivers/STM32WBxx_HAL_Driver/stm32wbxx_hal_adc.o
                0x08001d44                HAL_ADC_ConfigChannel
 .text.ADC_Enable
                0x080024d0       0xf4 ./Drivers/STM32WBxx_HAL_Driver/stm32wbxx_hal_adc.o
                0x080024d0                ADC_Enable
 .text.ADC_DMAConvCplt
                0x080025c4       0xdc ./Drivers/STM32WBxx_HAL_Driver/stm32wbxx_hal_adc.o
                0x080025c4                ADC_DMAConvCplt
 .text.ADC_DMAHalfConvCplt
                0x080026a0       0x1e ./Drivers/STM32WBxx_HAL_Driver/stm32wbxx_hal_adc.o
                0x080026a0                ADC_DMAHalfConvCplt
 .text.ADC_DMAError
                0x080026be       0x36 ./Drivers/STM32WBxx_HAL_Driver/stm32wbxx_hal_adc.o
                0x080026be                ADC_DMAError
 .text.HAL_ADCEx_InjectedConvCpltCallback
                0x080026f4       0x14 ./Drivers/STM32WBxx_HAL_Driver/stm32wbxx_hal_adc_ex.o
                0x080026f4                HAL_ADCEx_InjectedConvCpltCallback
 .text.HAL_ADCEx_InjectedQueueOverflowCallback
                0x08002708       0x14 ./Drivers/STM32WBxx_HAL_Driver/stm32wbxx_hal_adc_ex.o
                0x08002708                HAL_ADCEx_InjectedQueueOverflowCallback
 .text.HAL_ADCEx_LevelOutOfWindow2Callback
                0x0800271c       0x14 ./Drivers/STM32WBxx_HAL_Driver/stm32wbxx_hal_adc_ex.o
                0x0800271c                HAL_ADCEx_LevelOutOfWindow2Callback
 .text.HAL_ADCEx_LevelOutOfWindow3Callback
                0x08002730       0x14 ./Drivers/STM32WBxx_HAL_Driver/stm32wbxx_hal_adc_ex.o
                0x08002730                HAL_ADCEx_LevelOutOfWindow3Callback
 .text.HAL_ADCEx_EndOfSamplingCallback
                0x08002744       0x14 ./Drivers/STM32WBxx_HAL_Driver/stm32wbxx_hal_adc_ex.o
                0x08002744                HAL_ADCEx_EndOfSamplingCallback
 .text.__NVIC_SetPriorityGrouping
                0x08002758       0x48 ./Drivers/STM32WBxx_HAL_Driver/stm32wbxx_hal_cortex.o
 .text.__NVIC_GetPriorityGrouping
                0x080027a0       0x1c ./Drivers/STM32WBxx_HAL_Driver/stm32wbxx_hal_cortex.o
 .text.__NVIC_EnableIRQ
                0x080027bc       0x3c ./Drivers/STM32WBxx_HAL_Driver/stm32wbxx_hal_cortex.o
 .text.__NVIC_SetPriority
                0x080027f8       0x54 ./Drivers/STM32WBxx_HAL_Driver/stm32wbxx_hal_cortex.o
 .text.NVIC_EncodePriority
                0x0800284c       0x66 ./Drivers/STM32WBxx_HAL_Driver/stm32wbxx_hal_cortex.o
 *fill*         0x080028b2        0x2 
 .text.SysTick_Config
                0x080028b4       0x44 ./Drivers/STM32WBxx_HAL_Driver/stm32wbxx_hal_cortex.o
 .text.HAL_NVIC_SetPriorityGrouping
                0x080028f8       0x16 ./Drivers/STM32WBxx_HAL_Driver/stm32wbxx_hal_cortex.o
                0x080028f8                HAL_NVIC_SetPriorityGrouping
 .text.HAL_NVIC_SetPriority
                0x0800290e       0x34 ./Drivers/STM32WBxx_HAL_Driver/stm32wbxx_hal_cortex.o
                0x0800290e                HAL_NVIC_SetPriority
 .text.HAL_NVIC_EnableIRQ
                0x08002942       0x1c ./Drivers/STM32WBxx_HAL_Driver/stm32wbxx_hal_cortex.o
                0x08002942                HAL_NVIC_EnableIRQ
 .text.HAL_SYSTICK_Config
                0x0800295e       0x18 ./Drivers/STM32WBxx_HAL_Driver/stm32wbxx_hal_cortex.o
                0x0800295e                HAL_SYSTICK_Config
 *fill*         0x08002976        0x2 
 .text.HAL_DMA_Init
                0x08002978      0x150 ./Drivers/STM32WBxx_HAL_Driver/stm32wbxx_hal_dma.o
                0x08002978                HAL_DMA_Init
 .text.HAL_DMA_Start_IT
                0x08002ac8       0xf6 ./Drivers/STM32WBxx_HAL_Driver/stm32wbxx_hal_dma.o
                0x08002ac8                HAL_DMA_Start_IT
 .text.HAL_DMA_IRQHandler
                0x08002bbe      0x15e ./Drivers/STM32WBxx_HAL_Driver/stm32wbxx_hal_dma.o
                0x08002bbe                HAL_DMA_IRQHandler
 .text.DMA_SetConfig
                0x08002d1c       0x7c ./Drivers/STM32WBxx_HAL_Driver/stm32wbxx_hal_dma.o
 .text.DMA_CalcDMAMUXChannelBaseAndMask
                0x08002d98       0x7c ./Drivers/STM32WBxx_HAL_Driver/stm32wbxx_hal_dma.o
 .text.DMA_CalcDMAMUXRequestGenBaseAndMask
                0x08002e14       0x4c ./Drivers/STM32WBxx_HAL_Driver/stm32wbxx_hal_dma.o
 .text.HAL_GPIO_Init
                0x08002e60      0x2e0 ./Drivers/STM32WBxx_HAL_Driver/stm32wbxx_hal_gpio.o
                0x08002e60                HAL_GPIO_Init
 .text.HAL_GPIO_WritePin
                0x08003140       0x30 ./Drivers/STM32WBxx_HAL_Driver/stm32wbxx_hal_gpio.o
                0x08003140                HAL_GPIO_WritePin
 .text.HAL_GPIO_EXTI_IRQHandler
                0x08003170       0x30 ./Drivers/STM32WBxx_HAL_Driver/stm32wbxx_hal_gpio.o
                0x08003170                HAL_GPIO_EXTI_IRQHandler
 .text.HAL_GPIO_EXTI_Callback
                0x080031a0       0x16 ./Drivers/STM32WBxx_HAL_Driver/stm32wbxx_hal_gpio.o
                0x080031a0                HAL_GPIO_EXTI_Callback
 .text.HAL_PCD_Init
                0x080031b6      0x19c ./Drivers/STM32WBxx_HAL_Driver/stm32wbxx_hal_pcd.o
                0x080031b6                HAL_PCD_Init
 .text.HAL_PCD_Start
                0x08003352       0x44 ./Drivers/STM32WBxx_HAL_Driver/stm32wbxx_hal_pcd.o
                0x08003352                HAL_PCD_Start
 .text.HAL_PCD_IRQHandler
                0x08003396      0x24e ./Drivers/STM32WBxx_HAL_Driver/stm32wbxx_hal_pcd.o
                0x08003396                HAL_PCD_IRQHandler
 .text.HAL_PCD_SetAddress
                0x080035e4       0x48 ./Drivers/STM32WBxx_HAL_Driver/stm32wbxx_hal_pcd.o
                0x080035e4                HAL_PCD_SetAddress
 .text.HAL_PCD_EP_Open
                0x0800362c       0xba ./Drivers/STM32WBxx_HAL_Driver/stm32wbxx_hal_pcd.o
                0x0800362c                HAL_PCD_EP_Open
 .text.HAL_PCD_EP_Close
                0x080036e6       0x90 ./Drivers/STM32WBxx_HAL_Driver/stm32wbxx_hal_pcd.o
                0x080036e6                HAL_PCD_EP_Close
 .text.HAL_PCD_EP_Receive
                0x08003776       0x62 ./Drivers/STM32WBxx_HAL_Driver/stm32wbxx_hal_pcd.o
                0x08003776                HAL_PCD_EP_Receive
 .text.HAL_PCD_EP_Transmit
                0x080037d8       0x6e ./Drivers/STM32WBxx_HAL_Driver/stm32wbxx_hal_pcd.o
                0x080037d8                HAL_PCD_EP_Transmit
 .text.HAL_PCD_EP_SetStall
                0x08003846       0xa4 ./Drivers/STM32WBxx_HAL_Driver/stm32wbxx_hal_pcd.o
                0x08003846                HAL_PCD_EP_SetStall
 .text.HAL_PCD_EP_ClrStall
                0x080038ea       0xa8 ./Drivers/STM32WBxx_HAL_Driver/stm32wbxx_hal_pcd.o
                0x080038ea                HAL_PCD_EP_ClrStall
 .text.HAL_PCD_ActivateRemoteWakeup
                0x08003992       0x1c ./Drivers/STM32WBxx_HAL_Driver/stm32wbxx_hal_pcd.o
                0x08003992                HAL_PCD_ActivateRemoteWakeup
 .text.HAL_PCD_DeActivateRemoteWakeup
                0x080039ae       0x1c ./Drivers/STM32WBxx_HAL_Driver/stm32wbxx_hal_pcd.o
                0x080039ae                HAL_PCD_DeActivateRemoteWakeup
 .text.PCD_EP_ISR_Handler
                0x080039ca      0x782 ./Drivers/STM32WBxx_HAL_Driver/stm32wbxx_hal_pcd.o
 .text.HAL_PCD_EP_DB_Receive
                0x0800414c      0x212 ./Drivers/STM32WBxx_HAL_Driver/stm32wbxx_hal_pcd.o
 .text.HAL_PCD_EP_DB_Transmit
                0x0800435e      0x7ec ./Drivers/STM32WBxx_HAL_Driver/stm32wbxx_hal_pcd.o
 .text.HAL_PCDEx_PMAConfig
                0x08004b4a       0x86 ./Drivers/STM32WBxx_HAL_Driver/stm32wbxx_hal_pcd_ex.o
                0x08004b4a                HAL_PCDEx_PMAConfig
 .text.HAL_PCDEx_ActivateLPM
                0x08004bd0       0x54 ./Drivers/STM32WBxx_HAL_Driver/stm32wbxx_hal_pcd_ex.o
                0x08004bd0                HAL_PCDEx_ActivateLPM
 .text.HAL_PCDEx_LPM_Callback
                0x08004c24       0x18 ./Drivers/STM32WBxx_HAL_Driver/stm32wbxx_hal_pcd_ex.o
                0x08004c24                HAL_PCDEx_LPM_Callback
 .text.HAL_PWR_EnableBkUpAccess
                0x08004c3c       0x20 ./Drivers/STM32WBxx_HAL_Driver/stm32wbxx_hal_pwr.o
                0x08004c3c                HAL_PWR_EnableBkUpAccess
 .text.HAL_PWREx_GetVoltageRange
                0x08004c5c       0x1c ./Drivers/STM32WBxx_HAL_Driver/stm32wbxx_hal_pwr_ex.o
                0x08004c5c                HAL_PWREx_GetVoltageRange
 .text.HAL_PWREx_EnableVddUSB
                0x08004c78       0x20 ./Drivers/STM32WBxx_HAL_Driver/stm32wbxx_hal_pwr_ex.o
                0x08004c78                HAL_PWREx_EnableVddUSB
 .text.LL_RCC_HSE_IsEnabledDiv2
                0x08004c98       0x24 ./Drivers/STM32WBxx_HAL_Driver/stm32wbxx_hal_rcc.o
 .text.LL_RCC_HSE_Enable
                0x08004cbc       0x1e ./Drivers/STM32WBxx_HAL_Driver/stm32wbxx_hal_rcc.o
 .text.LL_RCC_HSE_Disable
                0x08004cda       0x1e ./Drivers/STM32WBxx_HAL_Driver/stm32wbxx_hal_rcc.o
 .text.LL_RCC_HSE_IsReady
                0x08004cf8       0x24 ./Drivers/STM32WBxx_HAL_Driver/stm32wbxx_hal_rcc.o
 .text.LL_RCC_HSI_Enable
                0x08004d1c       0x1e ./Drivers/STM32WBxx_HAL_Driver/stm32wbxx_hal_rcc.o
 .text.LL_RCC_HSI_Disable
                0x08004d3a       0x1e ./Drivers/STM32WBxx_HAL_Driver/stm32wbxx_hal_rcc.o
 .text.LL_RCC_HSI_IsReady
                0x08004d58       0x24 ./Drivers/STM32WBxx_HAL_Driver/stm32wbxx_hal_rcc.o
 .text.LL_RCC_HSI_SetCalibTrimming
                0x08004d7c       0x2a ./Drivers/STM32WBxx_HAL_Driver/stm32wbxx_hal_rcc.o
 .text.LL_RCC_HSI48_Enable
                0x08004da6       0x22 ./Drivers/STM32WBxx_HAL_Driver/stm32wbxx_hal_rcc.o
 .text.LL_RCC_HSI48_Disable
                0x08004dc8       0x22 ./Drivers/STM32WBxx_HAL_Driver/stm32wbxx_hal_rcc.o
 .text.LL_RCC_HSI48_IsReady
                0x08004dea       0x24 ./Drivers/STM32WBxx_HAL_Driver/stm32wbxx_hal_rcc.o
 .text.LL_RCC_LSE_Enable
                0x08004e0e       0x22 ./Drivers/STM32WBxx_HAL_Driver/stm32wbxx_hal_rcc.o
 .text.LL_RCC_LSE_Disable
                0x08004e30       0x22 ./Drivers/STM32WBxx_HAL_Driver/stm32wbxx_hal_rcc.o
 .text.LL_RCC_LSE_EnableBypass
                0x08004e52       0x22 ./Drivers/STM32WBxx_HAL_Driver/stm32wbxx_hal_rcc.o
 .text.LL_RCC_LSE_DisableBypass
                0x08004e74       0x22 ./Drivers/STM32WBxx_HAL_Driver/stm32wbxx_hal_rcc.o
 .text.LL_RCC_LSE_IsReady
                0x08004e96       0x24 ./Drivers/STM32WBxx_HAL_Driver/stm32wbxx_hal_rcc.o
 .text.LL_RCC_LSI1_Enable
                0x08004eba       0x22 ./Drivers/STM32WBxx_HAL_Driver/stm32wbxx_hal_rcc.o
 .text.LL_RCC_LSI1_Disable
                0x08004edc       0x22 ./Drivers/STM32WBxx_HAL_Driver/stm32wbxx_hal_rcc.o
 .text.LL_RCC_LSI1_IsReady
                0x08004efe       0x24 ./Drivers/STM32WBxx_HAL_Driver/stm32wbxx_hal_rcc.o
 .text.LL_RCC_LSI2_Enable
                0x08004f22       0x22 ./Drivers/STM32WBxx_HAL_Driver/stm32wbxx_hal_rcc.o
 .text.LL_RCC_LSI2_Disable
                0x08004f44       0x22 ./Drivers/STM32WBxx_HAL_Driver/stm32wbxx_hal_rcc.o
 .text.LL_RCC_LSI2_IsReady
                0x08004f66       0x24 ./Drivers/STM32WBxx_HAL_Driver/stm32wbxx_hal_rcc.o
 .text.LL_RCC_LSI2_SetTrimming
                0x08004f8a       0x2e ./Drivers/STM32WBxx_HAL_Driver/stm32wbxx_hal_rcc.o
 .text.LL_RCC_MSI_Enable
                0x08004fb8       0x1e ./Drivers/STM32WBxx_HAL_Driver/stm32wbxx_hal_rcc.o
 .text.LL_RCC_MSI_Disable
                0x08004fd6       0x1e ./Drivers/STM32WBxx_HAL_Driver/stm32wbxx_hal_rcc.o
 .text.LL_RCC_MSI_IsReady
                0x08004ff4       0x22 ./Drivers/STM32WBxx_HAL_Driver/stm32wbxx_hal_rcc.o
 .text.LL_RCC_MSI_SetRange
                0x08005016       0x28 ./Drivers/STM32WBxx_HAL_Driver/stm32wbxx_hal_rcc.o
 .text.LL_RCC_MSI_GetRange
                0x0800503e       0x2a ./Drivers/STM32WBxx_HAL_Driver/stm32wbxx_hal_rcc.o
 .text.LL_RCC_MSI_SetCalibTrimming
                0x08005068       0x2a ./Drivers/STM32WBxx_HAL_Driver/stm32wbxx_hal_rcc.o
 .text.LL_RCC_SetSysClkSource
                0x08005092       0x28 ./Drivers/STM32WBxx_HAL_Driver/stm32wbxx_hal_rcc.o
 .text.LL_RCC_GetSysClkSource
                0x080050ba       0x18 ./Drivers/STM32WBxx_HAL_Driver/stm32wbxx_hal_rcc.o
 .text.LL_RCC_SetAHBPrescaler
                0x080050d2       0x28 ./Drivers/STM32WBxx_HAL_Driver/stm32wbxx_hal_rcc.o
 .text.LL_C2_RCC_SetAHBPrescaler
                0x080050fa       0x2c ./Drivers/STM32WBxx_HAL_Driver/stm32wbxx_hal_rcc.o
 .text.LL_RCC_SetAHB4Prescaler
                0x08005126       0x2e ./Drivers/STM32WBxx_HAL_Driver/stm32wbxx_hal_rcc.o
 .text.LL_RCC_SetAPB1Prescaler
                0x08005154       0x28 ./Drivers/STM32WBxx_HAL_Driver/stm32wbxx_hal_rcc.o
 .text.LL_RCC_SetAPB2Prescaler
                0x0800517c       0x28 ./Drivers/STM32WBxx_HAL_Driver/stm32wbxx_hal_rcc.o
 .text.LL_RCC_GetAHBPrescaler
                0x080051a4       0x18 ./Drivers/STM32WBxx_HAL_Driver/stm32wbxx_hal_rcc.o
 .text.LL_RCC_GetAHB4Prescaler
                0x080051bc       0x1c ./Drivers/STM32WBxx_HAL_Driver/stm32wbxx_hal_rcc.o
 .text.LL_RCC_PLL_Enable
                0x080051d8       0x1e ./Drivers/STM32WBxx_HAL_Driver/stm32wbxx_hal_rcc.o
 .text.LL_RCC_PLL_Disable
                0x080051f6       0x1e ./Drivers/STM32WBxx_HAL_Driver/stm32wbxx_hal_rcc.o
 .text.LL_RCC_PLL_IsReady
                0x08005214       0x24 ./Drivers/STM32WBxx_HAL_Driver/stm32wbxx_hal_rcc.o
 .text.LL_RCC_PLL_GetN
                0x08005238       0x1a ./Drivers/STM32WBxx_HAL_Driver/stm32wbxx_hal_rcc.o
 .text.LL_RCC_PLL_GetR
                0x08005252       0x18 ./Drivers/STM32WBxx_HAL_Driver/stm32wbxx_hal_rcc.o
 .text.LL_RCC_PLL_GetDivider
                0x0800526a       0x18 ./Drivers/STM32WBxx_HAL_Driver/stm32wbxx_hal_rcc.o
 .text.LL_RCC_PLL_GetMainSource
                0x08005282       0x18 ./Drivers/STM32WBxx_HAL_Driver/stm32wbxx_hal_rcc.o
 .text.LL_RCC_IsActiveFlag_HPRE
                0x0800529a       0x24 ./Drivers/STM32WBxx_HAL_Driver/stm32wbxx_hal_rcc.o
 .text.LL_RCC_IsActiveFlag_C2HPRE
                0x080052be       0x26 ./Drivers/STM32WBxx_HAL_Driver/stm32wbxx_hal_rcc.o
 .text.LL_RCC_IsActiveFlag_SHDHPRE
                0x080052e4       0x26 ./Drivers/STM32WBxx_HAL_Driver/stm32wbxx_hal_rcc.o
 .text.LL_RCC_IsActiveFlag_PPRE1
                0x0800530a       0x24 ./Drivers/STM32WBxx_HAL_Driver/stm32wbxx_hal_rcc.o
 .text.LL_RCC_IsActiveFlag_PPRE2
                0x0800532e       0x24 ./Drivers/STM32WBxx_HAL_Driver/stm32wbxx_hal_rcc.o
 *fill*         0x08005352        0x2 
 .text.HAL_RCC_OscConfig
                0x08005354      0x6e8 ./Drivers/STM32WBxx_HAL_Driver/stm32wbxx_hal_rcc.o
                0x08005354                HAL_RCC_OscConfig
 .text.HAL_RCC_ClockConfig
                0x08005a3c      0x280 ./Drivers/STM32WBxx_HAL_Driver/stm32wbxx_hal_rcc.o
                0x08005a3c                HAL_RCC_ClockConfig
 .text.HAL_RCC_GetSysClockFreq
                0x08005cbc       0xdc ./Drivers/STM32WBxx_HAL_Driver/stm32wbxx_hal_rcc.o
                0x08005cbc                HAL_RCC_GetSysClockFreq
 .text.HAL_RCC_GetHCLKFreq
                0x08005d98       0x28 ./Drivers/STM32WBxx_HAL_Driver/stm32wbxx_hal_rcc.o
                0x08005d98                HAL_RCC_GetHCLKFreq
 .text.RCC_SetFlashLatencyFromMSIRange
                0x08005dc0       0x70 ./Drivers/STM32WBxx_HAL_Driver/stm32wbxx_hal_rcc.o
 .text.RCC_SetFlashLatency
                0x08005e30       0xf8 ./Drivers/STM32WBxx_HAL_Driver/stm32wbxx_hal_rcc.o
 .text.LL_RCC_MSI_EnablePLLMode
                0x08005f28       0x1e ./Drivers/STM32WBxx_HAL_Driver/stm32wbxx_hal_rcc_ex.o
 .text.LL_APB1_GRP1_ForceReset
                0x08005f46       0x24 ./Drivers/STM32WBxx_HAL_Driver/stm32wbxx_hal_rcc_ex.o
 .text.LL_APB1_GRP1_ReleaseReset
                0x08005f6a       0x26 ./Drivers/STM32WBxx_HAL_Driver/stm32wbxx_hal_rcc_ex.o
 .text.HAL_RCCEx_EnableMSIPLLMode
                0x08005f90        0xc ./Drivers/STM32WBxx_HAL_Driver/stm32wbxx_hal_rcc_ex.o
                0x08005f90                HAL_RCCEx_EnableMSIPLLMode
 .text.HAL_RCCEx_CRSConfig
                0x08005f9c       0x74 ./Drivers/STM32WBxx_HAL_Driver/stm32wbxx_hal_rcc_ex.o
                0x08005f9c                HAL_RCCEx_CRSConfig
 .text.USB_EnableGlobalInt
                0x08006010       0x2e ./Drivers/STM32WBxx_HAL_Driver/stm32wbxx_ll_usb.o
                0x08006010                USB_EnableGlobalInt
 .text.USB_DisableGlobalInt
                0x0800603e       0x36 ./Drivers/STM32WBxx_HAL_Driver/stm32wbxx_ll_usb.o
                0x0800603e                USB_DisableGlobalInt
 .text.USB_DevInit
                0x08006074       0x3c ./Drivers/STM32WBxx_HAL_Driver/stm32wbxx_ll_usb.o
                0x08006074                USB_DevInit
 .text.USB_ActivateEndpoint
                0x080060b0      0x788 ./Drivers/STM32WBxx_HAL_Driver/stm32wbxx_ll_usb.o
                0x080060b0                USB_ActivateEndpoint
 .text.USB_DeactivateEndpoint
                0x08006838      0x3da ./Drivers/STM32WBxx_HAL_Driver/stm32wbxx_ll_usb.o
                0x08006838                USB_DeactivateEndpoint
 .text.USB_EPStartXfer
                0x08006c12     0x1762 ./Drivers/STM32WBxx_HAL_Driver/stm32wbxx_ll_usb.o
                0x08006c12                USB_EPStartXfer
 .text.USB_EPSetStall
                0x08008374       0xa2 ./Drivers/STM32WBxx_HAL_Driver/stm32wbxx_ll_usb.o
                0x08008374                USB_EPSetStall
 .text.USB_EPClearStall
                0x08008416      0x15c ./Drivers/STM32WBxx_HAL_Driver/stm32wbxx_ll_usb.o
                0x08008416                USB_EPClearStall
 .text.USB_SetDevAddress
                0x08008572       0x28 ./Drivers/STM32WBxx_HAL_Driver/stm32wbxx_ll_usb.o
                0x08008572                USB_SetDevAddress
 .text.USB_DevConnect
                0x0800859a       0x2e ./Drivers/STM32WBxx_HAL_Driver/stm32wbxx_ll_usb.o
                0x0800859a                USB_DevConnect
 .text.USB_ReadInterrupts
                0x080085c8       0x20 ./Drivers/STM32WBxx_HAL_Driver/stm32wbxx_ll_usb.o
                0x080085c8                USB_ReadInterrupts
 .text.USB_ActivateRemoteWakeup
                0x080085e8       0x2a ./Drivers/STM32WBxx_HAL_Driver/stm32wbxx_ll_usb.o
                0x080085e8                USB_ActivateRemoteWakeup
 .text.USB_DeActivateRemoteWakeup
                0x08008612       0x2a ./Drivers/STM32WBxx_HAL_Driver/stm32wbxx_ll_usb.o
                0x08008612                USB_DeActivateRemoteWakeup
 .text.USB_WritePMA
                0x0800863c       0x84 ./Drivers/STM32WBxx_HAL_Driver/stm32wbxx_ll_usb.o
                0x0800863c                USB_WritePMA
 .text.USB_ReadPMA
                0x080086c0       0x98 ./Drivers/STM32WBxx_HAL_Driver/stm32wbxx_ll_usb.o
                0x080086c0                USB_ReadPMA
 .text.USBD_Init
                0x08008758       0x60 ./Middlewares/USB_Device_Library/usbd_core.o
                0x08008758                USBD_Init
 .text.USBD_RegisterClass
                0x080087b8       0x6c ./Middlewares/USB_Device_Library/usbd_core.o
                0x080087b8                USBD_RegisterClass
 .text.USBD_Start
                0x08008824       0x18 ./Middlewares/USB_Device_Library/usbd_core.o
                0x08008824                USBD_Start
 .text.USBD_RunTestMode
                0x0800883c       0x16 ./Middlewares/USB_Device_Library/usbd_core.o
                0x0800883c                USBD_RunTestMode
 .text.USBD_SetClassConfig
                0x08008852       0x38 ./Middlewares/USB_Device_Library/usbd_core.o
                0x08008852                USBD_SetClassConfig
 .text.USBD_ClrClassConfig
                0x0800888a       0x34 ./Middlewares/USB_Device_Library/usbd_core.o
                0x0800888a                USBD_ClrClassConfig
 .text.USBD_LL_SetupStage
                0x080088be       0xaa ./Middlewares/USB_Device_Library/usbd_core.o
                0x080088be                USBD_LL_SetupStage
 .text.USBD_LL_DataOutStage
                0x08008968      0x166 ./Middlewares/USB_Device_Library/usbd_core.o
                0x08008968                USBD_LL_DataOutStage
 .text.USBD_LL_DataInStage
                0x08008ace      0x164 ./Middlewares/USB_Device_Library/usbd_core.o
                0x08008ace                USBD_LL_DataInStage
 .text.USBD_LL_Reset
                0x08008c32       0xa4 ./Middlewares/USB_Device_Library/usbd_core.o
                0x08008c32                USBD_LL_Reset
 .text.USBD_LL_SetSpeed
                0x08008cd6       0x20 ./Middlewares/USB_Device_Library/usbd_core.o
                0x08008cd6                USBD_LL_SetSpeed
 .text.USBD_LL_Suspend
                0x08008cf6       0x38 ./Middlewares/USB_Device_Library/usbd_core.o
                0x08008cf6                USBD_LL_Suspend
 .text.USBD_LL_Resume
                0x08008d2e       0x30 ./Middlewares/USB_Device_Library/usbd_core.o
                0x08008d2e                USBD_LL_Resume
 .text.USBD_LL_SOF
                0x08008d5e       0x40 ./Middlewares/USB_Device_Library/usbd_core.o
                0x08008d5e                USBD_LL_SOF
 .text.USBD_CoreFindIF
                0x08008d9e       0x1a ./Middlewares/USB_Device_Library/usbd_core.o
                0x08008d9e                USBD_CoreFindIF
 .text.USBD_CoreFindEP
                0x08008db8       0x1a ./Middlewares/USB_Device_Library/usbd_core.o
                0x08008db8                USBD_CoreFindEP
 .text.USBD_GetEpDesc
                0x08008dd2       0x70 ./Middlewares/USB_Device_Library/usbd_core.o
                0x08008dd2                USBD_GetEpDesc
 .text.USBD_GetNextDesc
                0x08008e42       0x38 ./Middlewares/USB_Device_Library/usbd_core.o
                0x08008e42                USBD_GetNextDesc
 .text.SWAPBYTE
                0x08008e7a       0x3c ./Middlewares/USB_Device_Library/usbd_ctlreq.o
 *fill*         0x08008eb6        0x2 
 .text.USBD_StdDevReq
                0x08008eb8       0xe4 ./Middlewares/USB_Device_Library/usbd_ctlreq.o
                0x08008eb8                USBD_StdDevReq
 .text.USBD_StdItfReq
                0x08008f9c       0xd8 ./Middlewares/USB_Device_Library/usbd_ctlreq.o
                0x08008f9c                USBD_StdItfReq
 .text.USBD_StdEPReq
                0x08009074      0x33a ./Middlewares/USB_Device_Library/usbd_ctlreq.o
                0x08009074                USBD_StdEPReq
 *fill*         0x080093ae        0x2 
 .text.USBD_GetDescriptor
                0x080093b0      0x2d4 ./Middlewares/USB_Device_Library/usbd_ctlreq.o
 .text.USBD_SetAddress
                0x08009684       0x88 ./Middlewares/USB_Device_Library/usbd_ctlreq.o
 .text.USBD_SetConfig
                0x0800970c      0x154 ./Middlewares/USB_Device_Library/usbd_ctlreq.o
 .text.USBD_GetConfig
                0x08009860       0x6c ./Middlewares/USB_Device_Library/usbd_ctlreq.o
 .text.USBD_GetStatus
                0x080098cc       0x68 ./Middlewares/USB_Device_Library/usbd_ctlreq.o
 .text.USBD_SetFeature
                0x08009934       0x52 ./Middlewares/USB_Device_Library/usbd_ctlreq.o
 .text.USBD_ClrFeature
                0x08009986       0x44 ./Middlewares/USB_Device_Library/usbd_ctlreq.o
 .text.USBD_ParseSetupRequest
                0x080099ca       0x74 ./Middlewares/USB_Device_Library/usbd_ctlreq.o
                0x080099ca                USBD_ParseSetupRequest
 .text.USBD_CtlError
                0x08009a3e       0x22 ./Middlewares/USB_Device_Library/usbd_ctlreq.o
                0x08009a3e                USBD_CtlError
 .text.USBD_GetString
                0x08009a60       0x8c ./Middlewares/USB_Device_Library/usbd_ctlreq.o
                0x08009a60                USBD_GetString
 .text.USBD_GetLen
                0x08009aec       0x34 ./Middlewares/USB_Device_Library/usbd_ctlreq.o
 .text.USBD_HID_Init
                0x08009b20       0xcc ./Middlewares/USB_Device_Library/usbd_hid.o
 .text.USBD_HID_DeInit
                0x08009bec       0x90 ./Middlewares/USB_Device_Library/usbd_hid.o
 .text.USBD_HID_Setup
                0x08009c7c      0x210 ./Middlewares/USB_Device_Library/usbd_hid.o
 .text.USBD_HID_SendReport
                0x08009e8c       0x60 ./Middlewares/USB_Device_Library/usbd_hid.o
                0x08009e8c                USBD_HID_SendReport
 .text.USBD_HID_GetFSCfgDesc
                0x08009eec       0x34 ./Middlewares/USB_Device_Library/usbd_hid.o
 .text.USBD_HID_GetHSCfgDesc
                0x08009f20       0x34 ./Middlewares/USB_Device_Library/usbd_hid.o
 .text.USBD_HID_GetOtherSpeedCfgDesc
                0x08009f54       0x34 ./Middlewares/USB_Device_Library/usbd_hid.o
 .text.USBD_HID_DataIn
                0x08009f88       0x2c ./Middlewares/USB_Device_Library/usbd_hid.o
 .text.USBD_HID_GetDeviceQualifierDesc
                0x08009fb4       0x20 ./Middlewares/USB_Device_Library/usbd_hid.o
 .text.USBD_CtlSendData
                0x08009fd4       0x36 ./Middlewares/USB_Device_Library/usbd_ioreq.o
                0x08009fd4                USBD_CtlSendData
 .text.USBD_CtlContinueSendData
                0x0800a00a       0x22 ./Middlewares/USB_Device_Library/usbd_ioreq.o
                0x0800a00a                USBD_CtlContinueSendData
 .text.USBD_CtlContinueRx
                0x0800a02c       0x22 ./Middlewares/USB_Device_Library/usbd_ioreq.o
                0x0800a02c                USBD_CtlContinueRx
 .text.USBD_CtlSendStatus
                0x0800a04e       0x26 ./Middlewares/USB_Device_Library/usbd_ioreq.o
                0x0800a04e                USBD_CtlSendStatus
 .text.USBD_CtlReceiveStatus
                0x0800a074       0x26 ./Middlewares/USB_Device_Library/usbd_ioreq.o
                0x0800a074                USBD_CtlReceiveStatus
 .text.memset   0x0800a09a       0x10 C:/ST/STM32CubeIDE_1.15.0/STM32CubeIDE/plugins/com.st.stm32cube.ide.mcu.externaltools.gnu-tools-for-stm32.12.3.rel1.win32_1.0.100.202403111256/tools/bin/../lib/gcc/arm-none-eabi/12.3.1/../../../../arm-none-eabi/lib/thumb/v7e-m+fp/hard\libc_nano.a(libc_a-memset.o)
                0x0800a09a                memset
 *fill*         0x0800a0aa        0x2 
 .text.__libc_init_array
                0x0800a0ac       0x48 C:/ST/STM32CubeIDE_1.15.0/STM32CubeIDE/plugins/com.st.stm32cube.ide.mcu.externaltools.gnu-tools-for-stm32.12.3.rel1.win32_1.0.100.202403111256/tools/bin/../lib/gcc/arm-none-eabi/12.3.1/../../../../arm-none-eabi/lib/thumb/v7e-m+fp/hard\libc_nano.a(libc_a-init.o)
                0x0800a0ac                __libc_init_array
 *(.glue_7)
 .glue_7        0x0800a0f4        0x0 linker stubs
 *(.glue_7t)
 .glue_7t       0x0800a0f4        0x0 linker stubs
 *(.eh_frame)
 .eh_frame      0x0800a0f4        0x0 C:/ST/STM32CubeIDE_1.15.0/STM32CubeIDE/plugins/com.st.stm32cube.ide.mcu.externaltools.gnu-tools-for-stm32.12.3.rel1.win32_1.0.100.202403111256/tools/bin/../lib/gcc/arm-none-eabi/12.3.1/thumb/v7e-m+fp/hard/crtbegin.o
 *(.init)
 .init          0x0800a0f4        0x4 C:/ST/STM32CubeIDE_1.15.0/STM32CubeIDE/plugins/com.st.stm32cube.ide.mcu.externaltools.gnu-tools-for-stm32.12.3.rel1.win32_1.0.100.202403111256/tools/bin/../lib/gcc/arm-none-eabi/12.3.1/thumb/v7e-m+fp/hard/crti.o
                0x0800a0f4                _init
 .init          0x0800a0f8        0x8 C:/ST/STM32CubeIDE_1.15.0/STM32CubeIDE/plugins/com.st.stm32cube.ide.mcu.externaltools.gnu-tools-for-stm32.12.3.rel1.win32_1.0.100.202403111256/tools/bin/../lib/gcc/arm-none-eabi/12.3.1/thumb/v7e-m+fp/hard/crtn.o
 *(.fini)
 .fini          0x0800a100        0x4 C:/ST/STM32CubeIDE_1.15.0/STM32CubeIDE/plugins/com.st.stm32cube.ide.mcu.externaltools.gnu-tools-for-stm32.12.3.rel1.win32_1.0.100.202403111256/tools/bin/../lib/gcc/arm-none-eabi/12.3.1/thumb/v7e-m+fp/hard/crti.o
                0x0800a100                _fini
 .fini          0x0800a104        0x8 C:/ST/STM32CubeIDE_1.15.0/STM32CubeIDE/plugins/com.st.stm32cube.ide.mcu.externaltools.gnu-tools-for-stm32.12.3.rel1.win32_1.0.100.202403111256/tools/bin/../lib/gcc/arm-none-eabi/12.3.1/thumb/v7e-m+fp/hard/crtn.o
                0x0800a10c                        . = ALIGN (0x4)
                0x0800a10c                        _etext = .

.vfp11_veneer   0x0800a10c        0x0
 .vfp11_veneer  0x0800a10c        0x0 linker stubs

.v4_bx          0x0800a10c        0x0
 .v4_bx         0x0800a10c        0x0 linker stubs

.iplt           0x0800a10c        0x0
 .iplt          0x0800a10c        0x0 C:/ST/STM32CubeIDE_1.15.0/STM32CubeIDE/plugins/com.st.stm32cube.ide.mcu.externaltools.gnu-tools-for-stm32.12.3.rel1.win32_1.0.100.202403111256/tools/bin/../lib/gcc/arm-none-eabi/12.3.1/thumb/v7e-m+fp/hard/crtbegin.o

.rodata         0x0800a10c      0x108
                0x0800a10c                        . = ALIGN (0x4)
 *(.rodata)
 .rodata        0x0800a10c       0x46 ./Application/User/USB_Device/App/usbd_desc.o
 *fill*         0x0800a152        0x2 
 .rodata        0x0800a154       0x2c ./Drivers/STM32WBxx_HAL_Driver/stm32wbxx_hal_rcc.o
 *(.rodata*)
 .rodata.GPIO_PIN
                0x0800a180        0x6 ./Drivers/BSP/P-NUCLEO-WB55-Nucleo/stm32wbxx_nucleo.o
                0x0800a180                GPIO_PIN
 *fill*         0x0800a186        0x2 
 .rodata.BUTTON_PIN
                0x0800a188        0x6 ./Drivers/BSP/P-NUCLEO-WB55-Nucleo/stm32wbxx_nucleo.o
                0x0800a188                BUTTON_PIN
 *fill*         0x0800a18e        0x2 
 .rodata.BUTTON_IRQn
                0x0800a190        0x3 ./Drivers/BSP/P-NUCLEO-WB55-Nucleo/stm32wbxx_nucleo.o
                0x0800a190                BUTTON_IRQn
 *fill*         0x0800a193        0x1 
 .rodata.AHBPrescTable
                0x0800a194       0x40 ./Drivers/CMSIS/system_stm32wbxx.o
                0x0800a194                AHBPrescTable
 .rodata.MSIRangeTable
                0x0800a1d4       0x40 ./Drivers/CMSIS/system_stm32wbxx.o
                0x0800a1d4                MSIRangeTable
                0x0800a214                        . = ALIGN (0x4)

.ARM.extab
 *(.ARM.extab* .gnu.linkonce.armextab.*)

.ARM            0x0800a214        0x0
                0x0800a214                        __exidx_start = .
 *(.ARM.exidx*)
                0x0800a214                        __exidx_end = .

.preinit_array  0x0800a214        0x0
                0x0800a214                        PROVIDE (__preinit_array_start = .)
 *(.preinit_array*)
                0x0800a214                        PROVIDE (__preinit_array_end = .)

.init_array     0x0800a214        0x4
                0x0800a214                        PROVIDE (__init_array_start = .)
 *(SORT_BY_NAME(.init_array.*))
 *(.init_array*)
 .init_array    0x0800a214        0x4 C:/ST/STM32CubeIDE_1.15.0/STM32CubeIDE/plugins/com.st.stm32cube.ide.mcu.externaltools.gnu-tools-for-stm32.12.3.rel1.win32_1.0.100.202403111256/tools/bin/../lib/gcc/arm-none-eabi/12.3.1/thumb/v7e-m+fp/hard/crtbegin.o
                0x0800a218                        PROVIDE (__init_array_end = .)

.fini_array     0x0800a218        0x4
                [!provide]                        PROVIDE (__fini_array_start = .)
 *(SORT_BY_NAME(.fini_array.*))
 *(.fini_array*)
 .fini_array    0x0800a218        0x4 C:/ST/STM32CubeIDE_1.15.0/STM32CubeIDE/plugins/com.st.stm32cube.ide.mcu.externaltools.gnu-tools-for-stm32.12.3.rel1.win32_1.0.100.202403111256/tools/bin/../lib/gcc/arm-none-eabi/12.3.1/thumb/v7e-m+fp/hard/crtbegin.o
                [!provide]                        PROVIDE (__fini_array_end = .)
                0x0800a21c                        _sidata = LOADADDR (.data)

.rel.dyn        0x0800a21c        0x0
 .rel.iplt      0x0800a21c        0x0 C:/ST/STM32CubeIDE_1.15.0/STM32CubeIDE/plugins/com.st.stm32cube.ide.mcu.externaltools.gnu-tools-for-stm32.12.3.rel1.win32_1.0.100.202403111256/tools/bin/../lib/gcc/arm-none-eabi/12.3.1/thumb/v7e-m+fp/hard/crtbegin.o

.data           0x20000008      0x134 load address 0x0800a21c
                0x20000008                        . = ALIGN (0x4)
                0x20000008                        _sdata = .
 *(.data)
 *(.data*)
 .data.HID_Desc
                0x20000008       0x1c ./Application/User/USB_Device/App/usbd_desc.o
                0x20000008                HID_Desc
 .data.USBD_HID_DeviceDesc
                0x20000024       0x12 ./Application/User/USB_Device/App/usbd_desc.o
                0x20000024                USBD_HID_DeviceDesc
 *fill*         0x20000036        0x2 
 .data.USBD_LangIDDesc
                0x20000038        0x4 ./Application/User/USB_Device/App/usbd_desc.o
                0x20000038                USBD_LangIDDesc
 .data.USBD_StringSerial
                0x2000003c       0x1a ./Application/User/USB_Device/App/usbd_desc.o
                0x2000003c                USBD_StringSerial
 *fill*         0x20000056        0x2 
 .data.GPIO_PORT
                0x20000058        0xc ./Drivers/BSP/P-NUCLEO-WB55-Nucleo/stm32wbxx_nucleo.o
                0x20000058                GPIO_PORT
 .data.BUTTON_PORT
                0x20000064        0xc ./Drivers/BSP/P-NUCLEO-WB55-Nucleo/stm32wbxx_nucleo.o
                0x20000064                BUTTON_PORT
 .data.SystemCoreClock
                0x20000070        0x4 ./Drivers/CMSIS/system_stm32wbxx.o
                0x20000070                SystemCoreClock
 .data.uwTickPrio
                0x20000074        0x4 ./Drivers/STM32WBxx_HAL_Driver/stm32wbxx_hal.o
                0x20000074                uwTickPrio
 .data.uwTickFreq
                0x20000078        0x1 ./Drivers/STM32WBxx_HAL_Driver/stm32wbxx_hal.o
                0x20000078                uwTickFreq
 *fill*         0x20000079        0x3 
 .data.USBD_HID
                0x2000007c       0x38 ./Middlewares/USB_Device_Library/usbd_hid.o
                0x2000007c                USBD_HID
 .data.USBD_HID_CfgDesc
                0x200000b4       0x22 ./Middlewares/USB_Device_Library/usbd_hid.o
 *fill*         0x200000d6        0x2 
 .data.USBD_HID_Desc
                0x200000d8        0x9 ./Middlewares/USB_Device_Library/usbd_hid.o
 *fill*         0x200000e1        0x3 
 .data.USBD_HID_DeviceQualifierDesc
                0x200000e4        0xa ./Middlewares/USB_Device_Library/usbd_hid.o
 *fill*         0x200000ee        0x2 
 .data.HID_MOUSE_ReportDesc
                0x200000f0       0x4a ./Middlewares/USB_Device_Library/usbd_hid.o
 .data.HIDInEpAdd
                0x2000013a        0x1 ./Middlewares/USB_Device_Library/usbd_hid.o
                0x2000013c                        . = ALIGN (0x4)
 *fill*         0x2000013b        0x1 
                0x2000013c                        _edata = .

.igot.plt       0x2000013c        0x0 load address 0x0800a350
 .igot.plt      0x2000013c        0x0 C:/ST/STM32CubeIDE_1.15.0/STM32CubeIDE/plugins/com.st.stm32cube.ide.mcu.externaltools.gnu-tools-for-stm32.12.3.rel1.win32_1.0.100.202403111256/tools/bin/../lib/gcc/arm-none-eabi/12.3.1/thumb/v7e-m+fp/hard/crtbegin.o
                0x2000013c                        . = ALIGN (0x4)

.bss            0x2000013c      0x73c load address 0x0800a350
                0x2000013c                        _sbss = .
                0x2000013c                        __bss_start__ = _sbss
 *(.bss)
 .bss           0x2000013c       0x1c C:/ST/STM32CubeIDE_1.15.0/STM32CubeIDE/plugins/com.st.stm32cube.ide.mcu.externaltools.gnu-tools-for-stm32.12.3.rel1.win32_1.0.100.202403111256/tools/bin/../lib/gcc/arm-none-eabi/12.3.1/thumb/v7e-m+fp/hard/crtbegin.o
 *(.bss*)
 .bss.hadc1     0x20000158       0x90 ./Application/User/Core/main.o
                0x20000158                hadc1
 .bss.hdma_adc1
                0x200001e8       0x60 ./Application/User/Core/main.o
                0x200001e8                hdma_adc1
 .bss.flagDir   0x20000248        0x1 ./Application/User/Core/main.o
                0x20000248                flagDir
 *fill*         0x20000249        0x1 
 .bss.joyStick_X
                0x2000024a        0x2 ./Application/User/Core/main.o
                0x2000024a                joyStick_X
 .bss.joyStick_Y
                0x2000024c        0x2 ./Application/User/Core/main.o
                0x2000024c                joyStick_Y
 *fill*         0x2000024e        0x2 
 .bss.rawADC    0x20000250        0x8 ./Application/User/Core/main.o
                0x20000250                rawADC
 .bss.adc_lastTime
                0x20000258        0x4 ./Application/User/Core/main.o
                0x20000258                adc_lastTime
 .bss.remotewakeupon
                0x2000025c        0x4 ./Application/User/USB_Device/App/usb_device.o
                0x2000025c                remotewakeupon
 .bss.HID_Buffer
                0x20000260        0x4 ./Application/User/USB_Device/App/usb_device.o
                0x20000260                HID_Buffer
 .bss.hUsbDeviceFS
                0x20000264      0x2dc ./Application/User/USB_Device/App/usb_device.o
                0x20000264                hUsbDeviceFS
 .bss.USBD_StrDesc
                0x20000540       0x40 ./Application/User/USB_Device/App/usbd_desc.o
                0x20000540                USBD_StrDesc
 .bss.hpcd_USB_FS
                0x20000580      0x2dc ./Application/User/USB_Device/Target/usbd_conf.o
                0x20000580                hpcd_USB_FS
 .bss.mem.0     0x2000085c       0x14 ./Application/User/USB_Device/Target/usbd_conf.o
 .bss.uwTick    0x20000870        0x4 ./Drivers/STM32WBxx_HAL_Driver/stm32wbxx_hal.o
                0x20000870                uwTick
 .bss.cfgidx.0  0x20000874        0x1 ./Middlewares/USB_Device_Library/usbd_ctlreq.o
 *(COMMON)
                0x20000878                        . = ALIGN (0x4)
 *fill*         0x20000875        0x3 
                0x20000878                        _ebss = .
                0x20000878                        __bss_end__ = _ebss

._user_heap_stack
                0x20000878     0x2000 load address 0x0800a350
                0x20000878                        . = ALIGN (0x8)
                [!provide]                        PROVIDE (end = .)
                0x20000878                        PROVIDE (_end = .)
                0x20001878                        . = (. + _Min_Heap_Size)
 *fill*         0x20000878     0x1000 
                0x20002878                        . = (. + _Min_Stack_Size)
 *fill*         0x20001878     0x1000 
                0x20002878                        . = ALIGN (0x8)

/DISCARD/
 libc.a(*)
 libm.a(*)
 libgcc.a(*)

.ARM.attributes
                0x00000000       0x30
 *(.ARM.attributes)
 .ARM.attributes
                0x00000000       0x22 C:/ST/STM32CubeIDE_1.15.0/STM32CubeIDE/plugins/com.st.stm32cube.ide.mcu.externaltools.gnu-tools-for-stm32.12.3.rel1.win32_1.0.100.202403111256/tools/bin/../lib/gcc/arm-none-eabi/12.3.1/thumb/v7e-m+fp/hard/crti.o
 .ARM.attributes
                0x00000022       0x34 C:/ST/STM32CubeIDE_1.15.0/STM32CubeIDE/plugins/com.st.stm32cube.ide.mcu.externaltools.gnu-tools-for-stm32.12.3.rel1.win32_1.0.100.202403111256/tools/bin/../lib/gcc/arm-none-eabi/12.3.1/thumb/v7e-m+fp/hard/crtbegin.o
 .ARM.attributes
                0x00000056       0x34 ./Application/User/Core/main.o
 .ARM.attributes
                0x0000008a       0x34 ./Application/User/Core/stm32wbxx_hal_msp.o
 .ARM.attributes
                0x000000be       0x34 ./Application/User/Core/stm32wbxx_it.o
 .ARM.attributes
                0x000000f2       0x21 ./Application/User/Startup/startup_stm32wb55rgvx.o
 .ARM.attributes
                0x00000113       0x34 ./Application/User/USB_Device/App/usb_device.o
 .ARM.attributes
                0x00000147       0x34 ./Application/User/USB_Device/App/usbd_desc.o
 .ARM.attributes
                0x0000017b       0x34 ./Application/User/USB_Device/Target/usbd_conf.o
 .ARM.attributes
                0x000001af       0x34 ./Drivers/BSP/P-NUCLEO-WB55-Nucleo/stm32wbxx_nucleo.o
 .ARM.attributes
                0x000001e3       0x34 ./Drivers/CMSIS/system_stm32wbxx.o
 .ARM.attributes
                0x00000217       0x34 ./Drivers/STM32WBxx_HAL_Driver/stm32wbxx_hal.o
 .ARM.attributes
                0x0000024b       0x34 ./Drivers/STM32WBxx_HAL_Driver/stm32wbxx_hal_adc.o
 .ARM.attributes
                0x0000027f       0x34 ./Drivers/STM32WBxx_HAL_Driver/stm32wbxx_hal_adc_ex.o
 .ARM.attributes
                0x000002b3       0x34 ./Drivers/STM32WBxx_HAL_Driver/stm32wbxx_hal_cortex.o
 .ARM.attributes
                0x000002e7       0x34 ./Drivers/STM32WBxx_HAL_Driver/stm32wbxx_hal_dma.o
 .ARM.attributes
                0x0000031b       0x34 ./Drivers/STM32WBxx_HAL_Driver/stm32wbxx_hal_gpio.o
 .ARM.attributes
                0x0000034f       0x34 ./Drivers/STM32WBxx_HAL_Driver/stm32wbxx_hal_pcd.o
 .ARM.attributes
                0x00000383       0x34 ./Drivers/STM32WBxx_HAL_Driver/stm32wbxx_hal_pcd_ex.o
 .ARM.attributes
                0x000003b7       0x34 ./Drivers/STM32WBxx_HAL_Driver/stm32wbxx_hal_pwr.o
 .ARM.attributes
                0x000003eb       0x34 ./Drivers/STM32WBxx_HAL_Driver/stm32wbxx_hal_pwr_ex.o
 .ARM.attributes
                0x0000041f       0x34 ./Drivers/STM32WBxx_HAL_Driver/stm32wbxx_hal_rcc.o
 .ARM.attributes
                0x00000453       0x34 ./Drivers/STM32WBxx_HAL_Driver/stm32wbxx_hal_rcc_ex.o
 .ARM.attributes
                0x00000487       0x34 ./Drivers/STM32WBxx_HAL_Driver/stm32wbxx_ll_usb.o
 .ARM.attributes
                0x000004bb       0x34 ./Middlewares/USB_Device_Library/usbd_core.o
 .ARM.attributes
                0x000004ef       0x34 ./Middlewares/USB_Device_Library/usbd_ctlreq.o
 .ARM.attributes
                0x00000523       0x34 ./Middlewares/USB_Device_Library/usbd_hid.o
 .ARM.attributes
                0x00000557       0x34 ./Middlewares/USB_Device_Library/usbd_ioreq.o
 .ARM.attributes
                0x0000058b       0x34 C:/ST/STM32CubeIDE_1.15.0/STM32CubeIDE/plugins/com.st.stm32cube.ide.mcu.externaltools.gnu-tools-for-stm32.12.3.rel1.win32_1.0.100.202403111256/tools/bin/../lib/gcc/arm-none-eabi/12.3.1/../../../../arm-none-eabi/lib/thumb/v7e-m+fp/hard\libc_nano.a(libc_a-memset.o)
 .ARM.attributes
                0x000005bf       0x34 C:/ST/STM32CubeIDE_1.15.0/STM32CubeIDE/plugins/com.st.stm32cube.ide.mcu.externaltools.gnu-tools-for-stm32.12.3.rel1.win32_1.0.100.202403111256/tools/bin/../lib/gcc/arm-none-eabi/12.3.1/../../../../arm-none-eabi/lib/thumb/v7e-m+fp/hard\libc_nano.a(libc_a-init.o)
 .ARM.attributes
                0x000005f3       0x22 C:/ST/STM32CubeIDE_1.15.0/STM32CubeIDE/plugins/com.st.stm32cube.ide.mcu.externaltools.gnu-tools-for-stm32.12.3.rel1.win32_1.0.100.202403111256/tools/bin/../lib/gcc/arm-none-eabi/12.3.1/thumb/v7e-m+fp/hard/crtn.o

MAPPING_TABLE
 *(MAPPING_TABLE)

MB_MEM1
 *(MB_MEM1)

MB_MEM2         0x20030000        0x0
                0x20030000                        _sMB_MEM2 = .
 *(MB_MEM2)
                0x20030000                        _eMB_MEM2 = .
OUTPUT(HID_Standalone.elf elf32-littlearm)
LOAD linker stubs
LOAD C:/ST/STM32CubeIDE_1.15.0/STM32CubeIDE/plugins/com.st.stm32cube.ide.mcu.externaltools.gnu-tools-for-stm32.12.3.rel1.win32_1.0.100.202403111256/tools/bin/../lib/gcc/arm-none-eabi/12.3.1/../../../../arm-none-eabi/lib/thumb/v7e-m+fp/hard\libc.a
LOAD C:/ST/STM32CubeIDE_1.15.0/STM32CubeIDE/plugins/com.st.stm32cube.ide.mcu.externaltools.gnu-tools-for-stm32.12.3.rel1.win32_1.0.100.202403111256/tools/bin/../lib/gcc/arm-none-eabi/12.3.1/../../../../arm-none-eabi/lib/thumb/v7e-m+fp/hard\libm.a
LOAD C:/ST/STM32CubeIDE_1.15.0/STM32CubeIDE/plugins/com.st.stm32cube.ide.mcu.externaltools.gnu-tools-for-stm32.12.3.rel1.win32_1.0.100.202403111256/tools/bin/../lib/gcc/arm-none-eabi/12.3.1/thumb/v7e-m+fp/hard\libgcc.a

.debug_info     0x00000000    0x19576
 .debug_info    0x00000000     0x1634 ./Application/User/Core/main.o
 .debug_info    0x00001634      0xe7f ./Application/User/Core/stm32wbxx_hal_msp.o
 .debug_info    0x000024b3      0x9a9 ./Application/User/Core/stm32wbxx_it.o
 .debug_info    0x00002e5c       0x30 ./Application/User/Startup/startup_stm32wb55rgvx.o
 .debug_info    0x00002e8c     0x1293 ./Application/User/USB_Device/App/usb_device.o
 .debug_info    0x0000411f      0x450 ./Application/User/USB_Device/App/usbd_desc.o
 .debug_info    0x0000456f     0x2087 ./Application/User/USB_Device/Target/usbd_conf.o
 .debug_info    0x000065f6     0x16c6 ./Drivers/BSP/P-NUCLEO-WB55-Nucleo/stm32wbxx_nucleo.o
 .debug_info    0x00007cbc      0x703 ./Drivers/CMSIS/system_stm32wbxx.o
 .debug_info    0x000083bf     0x12ae ./Drivers/STM32WBxx_HAL_Driver/stm32wbxx_hal.o
 .debug_info    0x0000966d     0x1fd0 ./Drivers/STM32WBxx_HAL_Driver/stm32wbxx_hal_adc.o
 .debug_info    0x0000b63d     0x19cb ./Drivers/STM32WBxx_HAL_Driver/stm32wbxx_hal_adc_ex.o
 .debug_info    0x0000d008      0xccd ./Drivers/STM32WBxx_HAL_Driver/stm32wbxx_hal_cortex.o
 .debug_info    0x0000dcd5      0x839 ./Drivers/STM32WBxx_HAL_Driver/stm32wbxx_hal_dma.o
 .debug_info    0x0000e50e      0x6aa ./Drivers/STM32WBxx_HAL_Driver/stm32wbxx_hal_gpio.o
 .debug_info    0x0000ebb8     0x161b ./Drivers/STM32WBxx_HAL_Driver/stm32wbxx_hal_pcd.o
 .debug_info    0x000101d3      0x80a ./Drivers/STM32WBxx_HAL_Driver/stm32wbxx_hal_pcd_ex.o
 .debug_info    0x000109dd      0x904 ./Drivers/STM32WBxx_HAL_Driver/stm32wbxx_hal_pwr.o
 .debug_info    0x000112e1     0x105d ./Drivers/STM32WBxx_HAL_Driver/stm32wbxx_hal_pwr_ex.o
 .debug_info    0x0001233e     0x14d1 ./Drivers/STM32WBxx_HAL_Driver/stm32wbxx_hal_rcc.o
 .debug_info    0x0001380f     0x1c40 ./Drivers/STM32WBxx_HAL_Driver/stm32wbxx_hal_rcc_ex.o
 .debug_info    0x0001544f     0x166b ./Drivers/STM32WBxx_HAL_Driver/stm32wbxx_ll_usb.o
 .debug_info    0x00016aba      0xe05 ./Middlewares/USB_Device_Library/usbd_core.o
 .debug_info    0x000178bf      0xade ./Middlewares/USB_Device_Library/usbd_ctlreq.o
 .debug_info    0x0001839d      0xa84 ./Middlewares/USB_Device_Library/usbd_hid.o
 .debug_info    0x00018e21      0x755 ./Middlewares/USB_Device_Library/usbd_ioreq.o

.debug_abbrev   0x00000000     0x3fb1
 .debug_abbrev  0x00000000      0x335 ./Application/User/Core/main.o
 .debug_abbrev  0x00000335      0x24f ./Application/User/Core/stm32wbxx_hal_msp.o
 .debug_abbrev  0x00000584      0x1b1 ./Application/User/Core/stm32wbxx_it.o
 .debug_abbrev  0x00000735       0x24 ./Application/User/Startup/startup_stm32wb55rgvx.o
 .debug_abbrev  0x00000759      0x2d8 ./Application/User/USB_Device/App/usb_device.o
 .debug_abbrev  0x00000a31      0x207 ./Application/User/USB_Device/App/usbd_desc.o
 .debug_abbrev  0x00000c38      0x373 ./Application/User/USB_Device/Target/usbd_conf.o
 .debug_abbrev  0x00000fab      0x2cb ./Drivers/BSP/P-NUCLEO-WB55-Nucleo/stm32wbxx_nucleo.o
 .debug_abbrev  0x00001276      0x13b ./Drivers/CMSIS/system_stm32wbxx.o
 .debug_abbrev  0x000013b1      0x367 ./Drivers/STM32WBxx_HAL_Driver/stm32wbxx_hal.o
 .debug_abbrev  0x00001718      0x2ee ./Drivers/STM32WBxx_HAL_Driver/stm32wbxx_hal_adc.o
 .debug_abbrev  0x00001a06      0x2e5 ./Drivers/STM32WBxx_HAL_Driver/stm32wbxx_hal_adc_ex.o
 .debug_abbrev  0x00001ceb      0x319 ./Drivers/STM32WBxx_HAL_Driver/stm32wbxx_hal_cortex.o
 .debug_abbrev  0x00002004      0x1e3 ./Drivers/STM32WBxx_HAL_Driver/stm32wbxx_hal_dma.o
 .debug_abbrev  0x000021e7      0x1e5 ./Drivers/STM32WBxx_HAL_Driver/stm32wbxx_hal_gpio.o
 .debug_abbrev  0x000023cc      0x2b9 ./Drivers/STM32WBxx_HAL_Driver/stm32wbxx_hal_pcd.o
 .debug_abbrev  0x00002685      0x228 ./Drivers/STM32WBxx_HAL_Driver/stm32wbxx_hal_pcd_ex.o
 .debug_abbrev  0x000028ad      0x205 ./Drivers/STM32WBxx_HAL_Driver/stm32wbxx_hal_pwr.o
 .debug_abbrev  0x00002ab2      0x31c ./Drivers/STM32WBxx_HAL_Driver/stm32wbxx_hal_pwr_ex.o
 .debug_abbrev  0x00002dce      0x31b ./Drivers/STM32WBxx_HAL_Driver/stm32wbxx_hal_rcc.o
 .debug_abbrev  0x000030e9      0x35a ./Drivers/STM32WBxx_HAL_Driver/stm32wbxx_hal_rcc_ex.o
 .debug_abbrev  0x00003443      0x247 ./Drivers/STM32WBxx_HAL_Driver/stm32wbxx_ll_usb.o
 .debug_abbrev  0x0000368a      0x27c ./Middlewares/USB_Device_Library/usbd_core.o
 .debug_abbrev  0x00003906      0x26f ./Middlewares/USB_Device_Library/usbd_ctlreq.o
 .debug_abbrev  0x00003b75      0x2a2 ./Middlewares/USB_Device_Library/usbd_hid.o
 .debug_abbrev  0x00003e17      0x19a ./Middlewares/USB_Device_Library/usbd_ioreq.o

.debug_aranges  0x00000000     0x19c8
 .debug_aranges
                0x00000000       0x68 ./Application/User/Core/main.o
 .debug_aranges
                0x00000068       0x40 ./Application/User/Core/stm32wbxx_hal_msp.o
 .debug_aranges
                0x000000a8       0x78 ./Application/User/Core/stm32wbxx_it.o
 .debug_aranges
                0x00000120       0x30 ./Application/User/Startup/startup_stm32wb55rgvx.o
 .debug_aranges
                0x00000150       0x40 ./Application/User/USB_Device/App/usb_device.o
 .debug_aranges
                0x00000190       0x60 ./Application/User/USB_Device/App/usbd_desc.o
 .debug_aranges
                0x000001f0      0x138 ./Application/User/USB_Device/Target/usbd_conf.o
 .debug_aranges
                0x00000328       0x88 ./Drivers/BSP/P-NUCLEO-WB55-Nucleo/stm32wbxx_nucleo.o
 .debug_aranges
                0x000003b0       0x28 ./Drivers/CMSIS/system_stm32wbxx.o
 .debug_aranges
                0x000003d8      0x280 ./Drivers/STM32WBxx_HAL_Driver/stm32wbxx_hal.o
 .debug_aranges
                0x00000658      0x228 ./Drivers/STM32WBxx_HAL_Driver/stm32wbxx_hal_adc.o
 .debug_aranges
                0x00000880      0x170 ./Drivers/STM32WBxx_HAL_Driver/stm32wbxx_hal_adc_ex.o
 .debug_aranges
                0x000009f0      0x118 ./Drivers/STM32WBxx_HAL_Driver/stm32wbxx_hal_cortex.o
 .debug_aranges
                0x00000b08       0x90 ./Drivers/STM32WBxx_HAL_Driver/stm32wbxx_hal_dma.o
 .debug_aranges
                0x00000b98       0x60 ./Drivers/STM32WBxx_HAL_Driver/stm32wbxx_hal_gpio.o
 .debug_aranges
                0x00000bf8      0x138 ./Drivers/STM32WBxx_HAL_Driver/stm32wbxx_hal_pcd.o
 .debug_aranges
                0x00000d30       0x58 ./Drivers/STM32WBxx_HAL_Driver/stm32wbxx_hal_pcd_ex.o
 .debug_aranges
                0x00000d88       0xd0 ./Drivers/STM32WBxx_HAL_Driver/stm32wbxx_hal_pwr.o
 .debug_aranges
                0x00000e58      0x288 ./Drivers/STM32WBxx_HAL_Driver/stm32wbxx_hal_pwr_ex.o
 .debug_aranges
                0x000010e0      0x270 ./Drivers/STM32WBxx_HAL_Driver/stm32wbxx_hal_rcc.o
 .debug_aranges
                0x00001350      0x390 ./Drivers/STM32WBxx_HAL_Driver/stm32wbxx_hal_rcc_ex.o
 .debug_aranges
                0x000016e0       0xc8 ./Drivers/STM32WBxx_HAL_Driver/stm32wbxx_ll_usb.o
 .debug_aranges
                0x000017a8       0xd8 ./Middlewares/USB_Device_Library/usbd_core.o
 .debug_aranges
                0x00001880       0x90 ./Middlewares/USB_Device_Library/usbd_ctlreq.o
 .debug_aranges
                0x00001910       0x68 ./Middlewares/USB_Device_Library/usbd_hid.o
 .debug_aranges
                0x00001978       0x50 ./Middlewares/USB_Device_Library/usbd_ioreq.o

.debug_rnglists
                0x00000000     0x1347
 .debug_rnglists
                0x00000000       0x4b ./Application/User/Core/main.o
 .debug_rnglists
                0x0000004b       0x2c ./Application/User/Core/stm32wbxx_hal_msp.o
 .debug_rnglists
                0x00000077       0x55 ./Application/User/Core/stm32wbxx_it.o
 .debug_rnglists
                0x000000cc       0x1f ./Application/User/Startup/startup_stm32wb55rgvx.o
 .debug_rnglists
                0x000000eb       0x2d ./Application/User/USB_Device/App/usb_device.o
 .debug_rnglists
                0x00000118       0x43 ./Application/User/USB_Device/App/usbd_desc.o
 .debug_rnglists
                0x0000015b       0xe6 ./Application/User/USB_Device/Target/usbd_conf.o
 .debug_rnglists
                0x00000241       0x64 ./Drivers/BSP/P-NUCLEO-WB55-Nucleo/stm32wbxx_nucleo.o
 .debug_rnglists
                0x000002a5       0x1a ./Drivers/CMSIS/system_stm32wbxx.o
 .debug_rnglists
                0x000002bf      0x1db ./Drivers/STM32WBxx_HAL_Driver/stm32wbxx_hal.o
 .debug_rnglists
                0x0000049a      0x1aa ./Drivers/STM32WBxx_HAL_Driver/stm32wbxx_hal_adc.o
 .debug_rnglists
                0x00000644      0x11a ./Drivers/STM32WBxx_HAL_Driver/stm32wbxx_hal_adc_ex.o
 .debug_rnglists
                0x0000075e       0xce ./Drivers/STM32WBxx_HAL_Driver/stm32wbxx_hal_cortex.o
 .debug_rnglists
                0x0000082c       0x71 ./Drivers/STM32WBxx_HAL_Driver/stm32wbxx_hal_dma.o
 .debug_rnglists
                0x0000089d       0x45 ./Drivers/STM32WBxx_HAL_Driver/stm32wbxx_hal_gpio.o
 .debug_rnglists
                0x000008e2       0xee ./Drivers/STM32WBxx_HAL_Driver/stm32wbxx_hal_pcd.o
 .debug_rnglists
                0x000009d0       0x3f ./Drivers/STM32WBxx_HAL_Driver/stm32wbxx_hal_pcd_ex.o
 .debug_rnglists
                0x00000a0f       0x99 ./Drivers/STM32WBxx_HAL_Driver/stm32wbxx_hal_pwr.o
 .debug_rnglists
                0x00000aa8      0x1e8 ./Drivers/STM32WBxx_HAL_Driver/stm32wbxx_hal_pwr_ex.o
 .debug_rnglists
                0x00000c90      0x1d6 ./Drivers/STM32WBxx_HAL_Driver/stm32wbxx_hal_rcc.o
 .debug_rnglists
                0x00000e66      0x2b6 ./Drivers/STM32WBxx_HAL_Driver/stm32wbxx_hal_rcc_ex.o
 .debug_rnglists
                0x0000111c       0x99 ./Drivers/STM32WBxx_HAL_Driver/stm32wbxx_ll_usb.o
 .debug_rnglists
                0x000011b5       0xa1 ./Middlewares/USB_Device_Library/usbd_core.o
 .debug_rnglists
                0x00001256       0x6e ./Middlewares/USB_Device_Library/usbd_ctlreq.o
 .debug_rnglists
                0x000012c4       0x4c ./Middlewares/USB_Device_Library/usbd_hid.o
 .debug_rnglists
                0x00001310       0x37 ./Middlewares/USB_Device_Library/usbd_ioreq.o

.debug_macro    0x00000000    0x25340
 .debug_macro   0x00000000      0x41f ./Application/User/Core/main.o
 .debug_macro   0x0000041f      0xab4 ./Application/User/Core/main.o
 .debug_macro   0x00000ed3      0x130 ./Application/User/Core/main.o
 .debug_macro   0x00001003       0x2e ./Application/User/Core/main.o
 .debug_macro   0x00001031       0x2e ./Application/User/Core/main.o
 .debug_macro   0x0000105f       0x22 ./Application/User/Core/main.o
 .debug_macro   0x00001081       0x8e ./Application/User/Core/main.o
 .debug_macro   0x0000110f       0x51 ./Application/User/Core/main.o
 .debug_macro   0x00001160      0x103 ./Application/User/Core/main.o
 .debug_macro   0x00001263       0x6a ./Application/User/Core/main.o
 .debug_macro   0x000012cd      0x1df ./Application/User/Core/main.o
 .debug_macro   0x000014ac       0x1c ./Application/User/Core/main.o
 .debug_macro   0x000014c8       0x22 ./Application/User/Core/main.o
 .debug_macro   0x000014ea       0xfb ./Application/User/Core/main.o
 .debug_macro   0x000015e5     0x1011 ./Application/User/Core/main.o
 .debug_macro   0x000025f6      0x11f ./Application/User/Core/main.o
 .debug_macro   0x00002715    0x12adb ./Application/User/Core/main.o
 .debug_macro   0x000151f0       0x6c ./Application/User/Core/main.o
 .debug_macro   0x0001525c     0x34e1 ./Application/User/Core/main.o
 .debug_macro   0x0001873d      0x189 ./Application/User/Core/main.o
 .debug_macro   0x000188c6       0x5c ./Application/User/Core/main.o
 .debug_macro   0x00018922      0x3f5 ./Application/User/Core/main.o
 .debug_macro   0x00018d17      0x286 ./Application/User/Core/main.o
 .debug_macro   0x00018f9d      0x30d ./Application/User/Core/main.o
 .debug_macro   0x000192aa      0x17e ./Application/User/Core/main.o
 .debug_macro   0x00019428       0x43 ./Application/User/Core/main.o
 .debug_macro   0x0001946b      0xc98 ./Application/User/Core/main.o
 .debug_macro   0x0001a103      0x5bb ./Application/User/Core/main.o
 .debug_macro   0x0001a6be      0x1ca ./Application/User/Core/main.o
 .debug_macro   0x0001a888      0x236 ./Application/User/Core/main.o
 .debug_macro   0x0001aabe      0x24a ./Application/User/Core/main.o
 .debug_macro   0x0001ad08      0x57b ./Application/User/Core/main.o
 .debug_macro   0x0001b283       0x2e ./Application/User/Core/main.o
 .debug_macro   0x0001b2b1      0x100 ./Application/User/Core/main.o
 .debug_macro   0x0001b3b1      0x1ba ./Application/User/Core/main.o
 .debug_macro   0x0001b56b      0x1cd ./Application/User/Core/main.o
 .debug_macro   0x0001b738       0x73 ./Application/User/Core/main.o
 .debug_macro   0x0001b7ab      0x22d ./Application/User/Core/main.o
 .debug_macro   0x0001b9d8      0x381 ./Application/User/Core/main.o
 .debug_macro   0x0001bd59      0x13d ./Application/User/Core/main.o
 .debug_macro   0x0001be96      0x141 ./Application/User/Core/main.o
 .debug_macro   0x0001bfd7      0x4ff ./Application/User/Core/main.o
 .debug_macro   0x0001c4d6      0x874 ./Application/User/Core/main.o
 .debug_macro   0x0001cd4a      0x259 ./Application/User/Core/main.o
 .debug_macro   0x0001cfa3     0x1bb1 ./Application/User/Core/main.o
 .debug_macro   0x0001eb54       0xe4 ./Application/User/Core/main.o
 .debug_macro   0x0001ec38      0x5e7 ./Application/User/Core/main.o
 .debug_macro   0x0001f21f      0x557 ./Application/User/Core/main.o
 .debug_macro   0x0001f776      0x433 ./Application/User/Core/main.o
 .debug_macro   0x0001fba9       0x52 ./Application/User/Core/main.o
 .debug_macro   0x0001fbfb      0x211 ./Application/User/Core/main.o
 .debug_macro   0x0001fe0c       0x28 ./Application/User/Core/main.o
 .debug_macro   0x0001fe34       0x61 ./Application/User/Core/main.o
 .debug_macro   0x0001fe95       0x2a ./Application/User/Core/main.o
 .debug_macro   0x0001febf       0x43 ./Application/User/Core/main.o
 .debug_macro   0x0001ff02       0x34 ./Application/User/Core/main.o
 .debug_macro   0x0001ff36       0x16 ./Application/User/Core/main.o
 .debug_macro   0x0001ff4c       0x35 ./Application/User/Core/main.o
 .debug_macro   0x0001ff81      0x369 ./Application/User/Core/main.o
 .debug_macro   0x000202ea       0x10 ./Application/User/Core/main.o
 .debug_macro   0x000202fa       0x16 ./Application/User/Core/main.o
 .debug_macro   0x00020310       0x43 ./Application/User/Core/main.o
 .debug_macro   0x00020353       0x34 ./Application/User/Core/main.o
 .debug_macro   0x00020387       0x10 ./Application/User/Core/main.o
 .debug_macro   0x00020397       0x58 ./Application/User/Core/main.o
 .debug_macro   0x000203ef       0x8e ./Application/User/Core/main.o
 .debug_macro   0x0002047d       0x1c ./Application/User/Core/main.o
 .debug_macro   0x00020499      0x177 ./Application/User/Core/main.o
 .debug_macro   0x00020610       0x16 ./Application/User/Core/main.o
 .debug_macro   0x00020626       0x16 ./Application/User/Core/main.o
 .debug_macro   0x0002063c      0x146 ./Application/User/Core/main.o
 .debug_macro   0x00020782       0x16 ./Application/User/Core/main.o
 .debug_macro   0x00020798       0x16 ./Application/User/Core/main.o
 .debug_macro   0x000207ae       0x29 ./Application/User/Core/main.o
 .debug_macro   0x000207d7       0x16 ./Application/User/Core/main.o
 .debug_macro   0x000207ed       0x20 ./Application/User/Core/main.o
 .debug_macro   0x0002080d       0x65 ./Application/User/Core/main.o
 .debug_macro   0x00020872      0x20f ./Application/User/Core/main.o
 .debug_macro   0x00020a81       0x52 ./Application/User/Core/main.o
 .debug_macro   0x00020ad3       0x22 ./Application/User/Core/main.o
 .debug_macro   0x00020af5       0x5f ./Application/User/Core/main.o
 .debug_macro   0x00020b54      0x268 ./Application/User/Core/stm32wbxx_hal_msp.o
 .debug_macro   0x00020dbc      0x272 ./Application/User/Core/stm32wbxx_it.o
 .debug_macro   0x0002102e      0x419 ./Application/User/USB_Device/App/usb_device.o
 .debug_macro   0x00021447      0x3f4 ./Application/User/USB_Device/App/usbd_desc.o
 .debug_macro   0x0002183b       0x9e ./Application/User/USB_Device/App/usbd_desc.o
 .debug_macro   0x000218d9      0x10b ./Application/User/USB_Device/App/usbd_desc.o
 .debug_macro   0x000219e4       0x56 ./Application/User/USB_Device/App/usbd_desc.o
 .debug_macro   0x00021a3a      0x215 ./Application/User/USB_Device/App/usbd_desc.o
 .debug_macro   0x00021c4f       0x1c ./Application/User/USB_Device/App/usbd_desc.o
 .debug_macro   0x00021c6b      0x401 ./Application/User/USB_Device/Target/usbd_conf.o
 .debug_macro   0x0002206c      0x283 ./Drivers/BSP/P-NUCLEO-WB55-Nucleo/stm32wbxx_nucleo.o
 .debug_macro   0x000222ef      0x24e ./Drivers/CMSIS/system_stm32wbxx.o
 .debug_macro   0x0002253d      0x265 ./Drivers/STM32WBxx_HAL_Driver/stm32wbxx_hal.o
 .debug_macro   0x000227a2      0x25e ./Drivers/STM32WBxx_HAL_Driver/stm32wbxx_hal_adc.o
 .debug_macro   0x00022a00      0x253 ./Drivers/STM32WBxx_HAL_Driver/stm32wbxx_hal_adc_ex.o
 .debug_macro   0x00022c53      0x241 ./Drivers/STM32WBxx_HAL_Driver/stm32wbxx_hal_cortex.o
 .debug_macro   0x00022e94      0x241 ./Drivers/STM32WBxx_HAL_Driver/stm32wbxx_hal_dma.o
 .debug_macro   0x000230d5      0x248 ./Drivers/STM32WBxx_HAL_Driver/stm32wbxx_hal_gpio.o
 .debug_macro   0x0002331d      0x24d ./Drivers/STM32WBxx_HAL_Driver/stm32wbxx_hal_pcd.o
 .debug_macro   0x0002356a      0x241 ./Drivers/STM32WBxx_HAL_Driver/stm32wbxx_hal_pcd_ex.o
 .debug_macro   0x000237ab      0x2b3 ./Drivers/STM32WBxx_HAL_Driver/stm32wbxx_hal_pwr.o
 .debug_macro   0x00023a5e      0x253 ./Drivers/STM32WBxx_HAL_Driver/stm32wbxx_hal_pwr_ex.o
 .debug_macro   0x00023cb1      0x2b3 ./Drivers/STM32WBxx_HAL_Driver/stm32wbxx_hal_rcc.o
 .debug_macro   0x00023f64      0x296 ./Drivers/STM32WBxx_HAL_Driver/stm32wbxx_hal_rcc_ex.o
 .debug_macro   0x000241fa      0x241 ./Drivers/STM32WBxx_HAL_Driver/stm32wbxx_ll_usb.o
 .debug_macro   0x0002443b      0x3b7 ./Middlewares/USB_Device_Library/usbd_core.o
 .debug_macro   0x000247f2      0x3c1 ./Middlewares/USB_Device_Library/usbd_ctlreq.o
 .debug_macro   0x00024bb3      0x3d0 ./Middlewares/USB_Device_Library/usbd_hid.o
 .debug_macro   0x00024f83      0x3bd ./Middlewares/USB_Device_Library/usbd_ioreq.o

.debug_line     0x00000000    0x18f1c
 .debug_line    0x00000000      0xd48 ./Application/User/Core/main.o
 .debug_line    0x00000d48      0x961 ./Application/User/Core/stm32wbxx_hal_msp.o
 .debug_line    0x000016a9      0x9c5 ./Application/User/Core/stm32wbxx_it.o
 .debug_line    0x0000206e       0x83 ./Application/User/Startup/startup_stm32wb55rgvx.o
 .debug_line    0x000020f1      0xd4c ./Application/User/USB_Device/App/usb_device.o
 .debug_line    0x00002e3d      0xbfc ./Application/User/USB_Device/App/usbd_desc.o
 .debug_line    0x00003a39     0x1040 ./Application/User/USB_Device/Target/usbd_conf.o
 .debug_line    0x00004a79      0xb29 ./Drivers/BSP/P-NUCLEO-WB55-Nucleo/stm32wbxx_nucleo.o
 .debug_line    0x000055a2      0x8e6 ./Drivers/CMSIS/system_stm32wbxx.o
 .debug_line    0x00005e88     0x10b3 ./Drivers/STM32WBxx_HAL_Driver/stm32wbxx_hal.o
 .debug_line    0x00006f3b     0x1fad ./Drivers/STM32WBxx_HAL_Driver/stm32wbxx_hal_adc.o
 .debug_line    0x00008ee8     0x1698 ./Drivers/STM32WBxx_HAL_Driver/stm32wbxx_hal_adc_ex.o
 .debug_line    0x0000a580      0xddf ./Drivers/STM32WBxx_HAL_Driver/stm32wbxx_hal_cortex.o
 .debug_line    0x0000b35f      0xfc7 ./Drivers/STM32WBxx_HAL_Driver/stm32wbxx_hal_dma.o
 .debug_line    0x0000c326      0xcb0 ./Drivers/STM32WBxx_HAL_Driver/stm32wbxx_hal_gpio.o
 .debug_line    0x0000cfd6     0x14c1 ./Drivers/STM32WBxx_HAL_Driver/stm32wbxx_hal_pcd.o
 .debug_line    0x0000e497      0x9fb ./Drivers/STM32WBxx_HAL_Driver/stm32wbxx_hal_pcd_ex.o
 .debug_line    0x0000ee92      0xafa ./Drivers/STM32WBxx_HAL_Driver/stm32wbxx_hal_pwr.o
 .debug_line    0x0000f98c     0x11f4 ./Drivers/STM32WBxx_HAL_Driver/stm32wbxx_hal_pwr_ex.o
 .debug_line    0x00010b80     0x1955 ./Drivers/STM32WBxx_HAL_Driver/stm32wbxx_hal_rcc.o
 .debug_line    0x000124d5     0x1d60 ./Drivers/STM32WBxx_HAL_Driver/stm32wbxx_hal_rcc_ex.o
 .debug_line    0x00014235     0x114c ./Drivers/STM32WBxx_HAL_Driver/stm32wbxx_ll_usb.o
 .debug_line    0x00015381     0x105d ./Middlewares/USB_Device_Library/usbd_core.o
 .debug_line    0x000163de     0x1236 ./Middlewares/USB_Device_Library/usbd_ctlreq.o
 .debug_line    0x00017614      0xd91 ./Middlewares/USB_Device_Library/usbd_hid.o
 .debug_line    0x000183a5      0xb77 ./Middlewares/USB_Device_Library/usbd_ioreq.o

.debug_str      0x00000000    0xe4fbe
 .debug_str     0x00000000    0xde165 ./Application/User/Core/main.o
                              0xdf07d (size before relaxing)
 .debug_str     0x000de165      0x12d ./Application/User/Core/stm32wbxx_hal_msp.o
                              0xda1f8 (size before relaxing)
 .debug_str     0x000de292      0x43b ./Application/User/Core/stm32wbxx_it.o
                              0xd9f97 (size before relaxing)
 .debug_str     0x000de6cd       0x50 ./Application/User/Startup/startup_stm32wb55rgvx.o
                                 0x8f (size before relaxing)
 .debug_str     0x000de71d      0x529 ./Application/User/USB_Device/App/usb_device.o
                              0xdeb75 (size before relaxing)
 .debug_str     0x000dec46      0x28e ./Application/User/USB_Device/App/usbd_desc.o
                              0xdcef4 (size before relaxing)
 .debug_str     0x000deed4      0x549 ./Application/User/USB_Device/Target/usbd_conf.o
                              0xdf175 (size before relaxing)
 .debug_str     0x000df41d      0x5db ./Drivers/BSP/P-NUCLEO-WB55-Nucleo/stm32wbxx_nucleo.o
                              0xdac1c (size before relaxing)
 .debug_str     0x000df9f8      0x110 ./Drivers/CMSIS/system_stm32wbxx.o
                              0xd8b64 (size before relaxing)
 .debug_str     0x000dfb08      0xa04 ./Drivers/STM32WBxx_HAL_Driver/stm32wbxx_hal.o
                              0xd9a14 (size before relaxing)
 .debug_str     0x000e050c      0xbd7 ./Drivers/STM32WBxx_HAL_Driver/stm32wbxx_hal_adc.o
                              0xd9c37 (size before relaxing)
 .debug_str     0x000e10e3      0x56e ./Drivers/STM32WBxx_HAL_Driver/stm32wbxx_hal_adc_ex.o
                              0xd9873 (size before relaxing)
 .debug_str     0x000e1651      0x36b ./Drivers/STM32WBxx_HAL_Driver/stm32wbxx_hal_cortex.o
                              0xd91cc (size before relaxing)
 .debug_str     0x000e19bc      0x276 ./Drivers/STM32WBxx_HAL_Driver/stm32wbxx_hal_dma.o
                              0xd8df6 (size before relaxing)
 .debug_str     0x000e1c32      0x138 ./Drivers/STM32WBxx_HAL_Driver/stm32wbxx_hal_gpio.o
                              0xd8b08 (size before relaxing)
 .debug_str     0x000e1d6a      0x35a ./Drivers/STM32WBxx_HAL_Driver/stm32wbxx_hal_pcd.o
                              0xd91b4 (size before relaxing)
 .debug_str     0x000e20c4      0x19b ./Drivers/STM32WBxx_HAL_Driver/stm32wbxx_hal_pcd_ex.o
                              0xd8df0 (size before relaxing)
 .debug_str     0x000e225f      0x5ef ./Drivers/STM32WBxx_HAL_Driver/stm32wbxx_hal_pwr.o
                              0xd8f9e (size before relaxing)
 .debug_str     0x000e284e      0x83f ./Drivers/STM32WBxx_HAL_Driver/stm32wbxx_hal_pwr_ex.o
                              0xd949f (size before relaxing)
 .debug_str     0x000e308d      0xb68 ./Drivers/STM32WBxx_HAL_Driver/stm32wbxx_hal_rcc.o