../../Drivers/STM32WBxx_HAL_Driver/Inc/stm32wbxx_ll_bus.h:539:22:LL_AHB2_GRP1_EnableClock	24	static
D:/Self-Learning/learn-stm32/HID_Standalone/Drivers/BSP/P-NUCLEO-WB55.Nucleo/stm32wbxx_nucleo.c:185:10:BSP_GetVersion	4	static
D:/Self-Learning/learn-stm32/HID_Standalone/Drivers/BSP/P-NUCLEO-WB55.Nucleo/stm32wbxx_nucleo.c:203:6:BSP_LED_Init	40	static
D:/Self-Learning/learn-stm32/HID_Standalone/Drivers/BSP/P-NUCLEO-WB55.Nucleo/stm32wbxx_nucleo.c:231:6:BSP_LED_DeInit	40	static
D:/Self-Learning/learn-stm32/HID_Standalone/Drivers/BSP/P-NUCLEO-WB55.Nucleo/stm32wbxx_nucleo.c:251:6:BSP_LED_On	16	static
D:/Self-Learning/learn-stm32/HID_Standalone/Drivers/BSP/P-NUCLEO-WB55.Nucleo/stm32wbxx_nucleo.c:265:6:BSP_LED_Off	16	static
D:/Self-Learning/learn-stm32/HID_Standalone/Drivers/BSP/P-NUCLEO-WB55.Nucleo/stm32wbxx_nucleo.c:279:6:BSP_LED_Toggle	16	static
D:/Self-Learning/learn-stm32/HID_Standalone/Drivers/BSP/P-NUCLEO-WB55.Nucleo/stm32wbxx_nucleo.c:306:6:BSP_PB_Init	40	static
D:/Self-Learning/learn-stm32/HID_Standalone/Drivers/BSP/P-NUCLEO-WB55.Nucleo/stm32wbxx_nucleo.c:350:6:BSP_PB_DeInit	40	static
D:/Self-Learning/learn-stm32/HID_Standalone/Drivers/BSP/P-NUCLEO-WB55.Nucleo/stm32wbxx_nucleo.c:368:10:BSP_PB_GetState	16	static
D:/Self-Learning/learn-stm32/HID_Standalone/Drivers/BSP/P-NUCLEO-WB55.Nucleo/stm32wbxx_nucleo.c:388:9:BSP_JOY_Init	8	static
D:/Self-Learning/learn-stm32/HID_Standalone/Drivers/BSP/P-NUCLEO-WB55.Nucleo/stm32wbxx_nucleo.c:418:18:BSP_JOY_GetState	16	static
D:/Self-Learning/learn-stm32/HID_Standalone/Drivers/BSP/P-NUCLEO-WB55.Nucleo/stm32wbxx_nucleo.c:823:13:ADCx_MspInit	120	static
D:/Self-Learning/learn-stm32/HID_Standalone/Drivers/BSP/P-NUCLEO-WB55.Nucleo/stm32wbxx_nucleo.c:853:26:ADCx_Init	8	static
