../../Drivers/STM32WBxx_HAL_Driver/Inc/stm32wbxx_ll_bus.h:364:22:LL_AHB1_GRP1_EnableClock	24	static
../../Drivers/STM32WBxx_HAL_Driver/Inc/stm32wbxx_ll_bus.h:539:22:LL_AHB2_GRP1_EnableClock	24	static
D:/Self-Learning/learn-stm32/HID_Standalone/Core/Src/main.c:74:6:HAL_ADC_ConvCpltCallback	16	static
D:/Self-Learning/learn-stm32/HID_Standalone/Core/Src/main.c:85:5:main	8	static
D:/Self-Learning/learn-stm32/HID_Standalone/Core/Src/main.c:144:6:SystemClock_Config	112	static
D:/Self-Learning/learn-stm32/HID_Standalone/Core/Src/main.c:199:13:MX_ADC1_Init	32	static
D:/Self-Learning/learn-stm32/HID_Standalone/Core/Src/main.c:264:13:MX_DMA_Init	8	static
D:/Self-Learning/learn-stm32/HID_Standalone/Core/Src/main.c:283:13:MX_GPIO_Init	8	static
D:/Self-Learning/learn-stm32/HID_Standalone/Core/Src/main.c:305:6:HAL_Delay	16	static
D:/Self-Learning/learn-stm32/HID_Standalone/Core/Src/main.c:321:6:Error_Handler	8	static
