../../Drivers/STM32WBxx_HAL_Driver/Inc/stm32wbxx_ll_bus.h:364:22:LL_AHB1_GRP1_EnableClock	24	static
../../Drivers/STM32WBxx_HAL_Driver/Inc/stm32wbxx_ll_bus.h:539:22:LL_AHB2_GRP1_EnableClock	24	static
D:/Self-Learning/learn-stm32/HID_Standalone/Core/Src/main.c:76:6:HAL_ADC_ConvCpltCallback	16	static
D:/Self-Learning/learn-stm32/HID_Standalone/Core/Src/main.c:87:5:main	8	static
D:/Self-Learning/learn-stm32/HID_Standalone/Core/Src/main.c:146:6:SystemClock_Config	112	static
D:/Self-Learning/learn-stm32/HID_Standalone/Core/Src/main.c:201:13:MX_ADC1_Init	32	static
D:/Self-Learning/learn-stm32/HID_Standalone/Core/Src/main.c:266:13:MX_DMA_Init	8	static
D:/Self-Learning/learn-stm32/HID_Standalone/Core/Src/main.c:285:13:MX_GPIO_Init	8	static
D:/Self-Learning/learn-stm32/HID_Standalone/Core/Src/main.c:307:6:HAL_Delay	16	static
D:/Self-Learning/learn-stm32/HID_Standalone/Core/Src/main.c:323:6:Error_Handler	8	static
