../../Drivers/STM32WBxx_HAL_Driver/Inc/stm32wbxx_ll_bus.h:364:22:LL_AHB1_GRP1_EnableClock	1
../../Drivers/STM32WBxx_HAL_Driver/Inc/stm32wbxx_ll_bus.h:539:22:LL_AHB2_GRP1_EnableClock	1
D:/Self-Learning/learn-stm32/HID_Standalone/Core/Src/main.c:74:6:HAL_ADC_ConvCpltCallback	1
D:/Self-Learning/learn-stm32/HID_Standalone/Core/Src/main.c:85:5:main	2
D:/Self-Learning/learn-stm32/HID_Standalone/Core/Src/main.c:144:6:SystemClock_Config	3
D:/Self-Learning/learn-stm32/HID_Standalone/Core/Src/main.c:199:13:MX_ADC1_Init	4
D:/Self-Learning/learn-stm32/HID_Standalone/Core/Src/main.c:264:13:MX_DMA_Init	1
D:/Self-Learning/learn-stm32/HID_Standalone/Core/Src/main.c:283:13:MX_GPIO_Init	1
D:/Self-Learning/learn-stm32/HID_Standalone/Core/Src/main.c:305:6:HAL_Delay	3
D:/Self-Learning/learn-stm32/HID_Standalone/Core/Src/main.c:321:6:Error_Handler	1
