D:/Self-Learning/learn-stm32/HID_Standalone/Core/Src/stm32wbxx_it.c:73:6:NMI_Handler	4	static
D:/Self-Learning/learn-stm32/HID_Standalone/Core/Src/stm32wbxx_it.c:88:6:HardFault_Handler	4	static
D:/Self-Learning/learn-stm32/HID_Standalone/Core/Src/stm32wbxx_it.c:103:6:MemManage_Handler	4	static
D:/Self-Learning/learn-stm32/HID_Standalone/Core/Src/stm32wbxx_it.c:118:6:BusFault_Handler	4	static
D:/Self-Learning/learn-stm32/HID_Standalone/Core/Src/stm32wbxx_it.c:133:6:UsageFault_Handler	4	static
D:/Self-Learning/learn-stm32/HID_Standalone/Core/Src/stm32wbxx_it.c:148:6:SVC_Handler	4	static
D:/Self-Learning/learn-stm32/HID_Standalone/Core/Src/stm32wbxx_it.c:161:6:DebugMon_Handler	4	static
D:/Self-Learning/learn-stm32/HID_Standalone/Core/Src/stm32wbxx_it.c:174:6:PendSV_Handler	4	static
D:/Self-Learning/learn-stm32/HID_Standalone/Core/Src/stm32wbxx_it.c:187:6:SysTick_Handler	8	static
D:/Self-Learning/learn-stm32/HID_Standalone/Core/Src/stm32wbxx_it.c:208:6:DMA1_Channel1_IRQHandler	8	static
D:/Self-Learning/learn-stm32/HID_Standalone/Core/Src/stm32wbxx_it.c:222:6:USB_LP_IRQHandler	8	static
D:/Self-Learning/learn-stm32/HID_Standalone/Core/Src/stm32wbxx_it.c:240:6:EXTI4_IRQHandler	8	static
